112.10.130.170 - - [27/Nov/2018:17:58:42 +0800] "GET /test/xiaodou/msggetp.php?maxID=24 HTTP/1.1" 200 99
112.10.130.170 - - [27/Nov/2018:17:58:44 +0800] "GET /test/xiaodou/msggetp.php?maxID=25 HTTP/1.1" 200 2
112.10.130.170 - - [27/Nov/2018:17:58:44 +0800] "GET /test/xiaodou/msggetp.php?maxID=24 HTTP/1.1" 200 99
112.10.130.170 - - [27/Nov/2018:17:58:46 +0800] "GET /test/xiaodou/msggetp.php?maxID=25 HTTP/1.1" 200 2
112.10.130.170 - - [27/Nov/2018:17:58:46 +0800] "GET /test/xiaodou/msggetp.php?maxID=24 HTTP/1.1" 200 99
112.10.130.170 - - [27/Nov/2018:17:58:48 +0800] "GET /test/xiaodou/msggetp.php?maxID=25 HTTP/1.1" 200 2
112.10.130.170 - - [27/Nov/2018:17:58:48 +0800] "GET /test/xiaodou/msggetp.php?maxID=24 HTTP/1.1" 200 99
112.10.130.170 - - [27/Nov/2018:17:58:50 +0800] "GET /test/xiaodou/msggetp.php?maxID=25 HTTP/1.1" 200 2
112.10.130.170 - - [27/Nov/2018:17:58:50 +0800] "GET /test/xiaodou/msggetp.php?maxID=24 HTTP/1.1" 200 99
112.10.130.170 - - [27/Nov/2018:17:58:52 +0800] "GET /test/xiaodou/msggetp.php?maxID=25 HTTP/1.1" 200 2
112.10.130.170 - - [27/Nov/2018:17:58:52 +0800] "GET /test/xiaodou/msggetp.php?maxID=24 HTTP/1.1" 200 99
112.10.130.170 - - [27/Nov/2018:17:58:54 +0800] "GET /test/xiaodou/msggetp.php?maxID=25 HTTP/1.1" 200 2
112.10.130.170 - - [27/Nov/2018:17:58:54 +0800] "GET /test/xiaodou/msggetp.php?maxID=24 HTTP/1.1" 200 99
112.10.130.170 - - [27/Nov/2018:17:58:56 +0800] "GET /test/xiaodou/msggetp.php?maxID=25 HTTP/1.1" 200 2
112.10.130.170 - - [27/Nov/2018:17:58:56 +0800] "GET /test/xiaodou/msggetp.php?maxID=24 HTTP/1.1" 200 99
112.10.130.170 - - [27/Nov/2018:17:58:58 +0800] "GET /test/xiaodou/msggetp.php?maxID=25 HTTP/1.1" 200 2
112.10.130.170 - - [27/Nov/2018:17:58:58 +0800] "GET /test/xiaodou/msggetp.php?maxID=24 HTTP/1.1" 200 99
112.10.130.170 - - [27/Nov/2018:17:59:00 +0800] "GET /test/xiaodou/msggetp.php?maxID=25 HTTP/1.1" 200 2
112.10.130.170 - - [27/Nov/2018:17:59:00 +0800] "GET /test/xiaodou/msggetp.php?maxID=24 HTTP/1.1" 200 99
112.10.130.170 - - [27/Nov/2018:17:59:02 +0800] "GET /test/xiaodou/msggetp.php?maxID=25 HTTP/1.1" 200 2
112.10.130.170 - - [27/Nov/2018:17:59:02 +0800] "GET /test/xiaodou/msggetp.php?maxID=24 HTTP/1.1" 200 99
112.10.130.170 - - [27/Nov/2018:17:59:04 +0800] "GET /test/xiaodou/msggetp.php?maxID=25 HTTP/1.1" 200 2
112.10.130.170 - - [27/Nov/2018:17:59:04 +0800] "GET /test/xiaodou/msggetp.php?maxID=24 HTTP/1.1" 200 99
112.10.130.170 - - [27/Nov/2018:17:59:06 +0800] "GET /test/xiaodou/msggetp.php?maxID=25 HTTP/1.1" 200 2
112.10.130.170 - - [27/Nov/2018:17:59:06 +0800] "GET /test/xiaodou/msggetp.php?maxID=24 HTTP/1.1" 200 99
112.10.130.170 - - [27/Nov/2018:17:59:08 +0800] "GET /test/xiaodou/msggetp.php?maxID=25 HTTP/1.1" 200 2
112.10.130.170 - - [27/Nov/2018:17:59:08 +0800] "GET /test/xiaodou/msggetp.php?maxID=24 HTTP/1.1" 200 99
112.10.130.170 - - [27/Nov/2018:17:59:10 +0800] "GET /test/xiaodou/msggetp.php?maxID=25 HTTP/1.1" 200 2
112.10.130.170 - - [27/Nov/2018:17:59:10 +0800] "GET /test/xiaodou/msggetp.php?maxID=24 HTTP/1.1" 200 99
112.10.130.170 - - [27/Nov/2018:17:59:12 +0800] "GET /test/xiaodou/msggetp.php?maxID=25 HTTP/1.1" 200 2
112.10.130.170 - - [27/Nov/2018:17:59:12 +0800] "GET /test/xiaodou/msggetp.php?maxID=24 HTTP/1.1" 200 99
112.10.130.170 - - [27/Nov/2018:17:59:13 +0800] "GET /test/xiaodou/msggetp.php?maxID=25 HTTP/1.1" 200 2
112.10.130.170 - - [27/Nov/2018:17:59:14 +0800] "GET /test/xiaodou/msggetp.php?maxID=25 HTTP/1.1" 200 2
112.10.130.170 - - [27/Nov/2018:17:59:14 +0800] "GET /test/xiaodou/msggetp.php?maxID=24 HTTP/1.1" 200 99
112.10.130.170 - - [27/Nov/2018:17:59:16 +0800] "GET /test/xiaodou/msggetp.php?maxID=25 HTTP/1.1" 200 2
112.10.130.170 - - [27/Nov/2018:17:59:16 +0800] "GET /test/xiaodou/msggetp.php?maxID=24 HTTP/1.1" 200 99
112.10.130.170 - - [27/Nov/2018:17:59:18 +0800] "GET /test/xiaodou/msggetp.php?maxID=25 HTTP/1.1" 200 2
112.10.130.170 - - [27/Nov/2018:17:59:18 +0800] "GET /test/xiaodou/msggetp.php?maxID=24 HTTP/1.1" 200 99
112.10.130.170 - - [27/Nov/2018:17:59:20 +0800] "GET /test/xiaodou/msggetp.php?maxID=25 HTTP/1.1" 200 2
112.10.130.170 - - [27/Nov/2018:17:59:20 +0800] "GET /test/xiaodou/msggetp.php?maxID=24 HTTP/1.1" 200 99
112.10.130.170 - - [27/Nov/2018:17:59:22 +0800] "GET /test/xiaodou/msggetp.php?maxID=25 HTTP/1.1" 200 2
112.10.130.170 - - [27/Nov/2018:17:59:22 +0800] "GET /test/xiaodou/msggetp.php?maxID=24 HTTP/1.1" 200 99
112.10.130.170 - - [27/Nov/2018:17:59:24 +0800] "GET /test/xiaodou/msggetp.php?maxID=25 HTTP/1.1" 200 2
112.10.130.170 - - [27/Nov/2018:17:59:24 +0800] "GET /test/xiaodou/msggetp.php?maxID=24 HTTP/1.1" 200 99
112.10.130.170 - - [27/Nov/2018:17:59:26 +0800] "GET /test/xiaodou/msggetp.php?maxID=25 HTTP/1.1" 200 2
112.10.130.170 - - [27/Nov/2018:17:59:26 +0800] "GET /test/xiaodou/msggetp.php?maxID=24 HTTP/1.1" 200 99
112.10.130.170 - - [27/Nov/2018:17:59:28 +0800] "GET /test/xiaodou/msggetp.php?maxID=25 HTTP/1.1" 200 2
112.10.130.170 - - [27/Nov/2018:17:59:28 +0800] "GET /test/xiaodou/msggetp.php?maxID=24 HTTP/1.1" 200 99
112.10.130.170 - - [27/Nov/2018:17:59:30 +0800] "GET /test/xiaodou/msggetp.php?maxID=25 HTTP/1.1" 200 2
112.10.130.170 - - [27/Nov/2018:17:59:30 +0800] "GET /test/xiaodou/msggetp.php?maxID=24 HTTP/1.1" 200 99
112.10.130.170 - - [27/Nov/2018:17:59:32 +0800] "GET /test/xiaodou/msggetp.php?maxID=25 HTTP/1.1" 200 2
112.10.130.170 - - [27/Nov/2018:17:59:32 +0800] "GET /test/xiaodou/msggetp.php?maxID=24 HTTP/1.1" 200 99
112.10.130.170 - - [27/Nov/2018:17:59:34 +0800] "GET /test/xiaodou/msggetp.php?maxID=25 HTTP/1.1" 200 2
112.10.130.170 - - [27/Nov/2018:17:59:34 +0800] "GET /test/xiaodou/msggetp.php?maxID=24 HTTP/1.1" 200 99
112.10.130.170 - - [27/Nov/2018:17:59:36 +0800] "GET /test/xiaodou/msggetp.php?maxID=25 HTTP/1.1" 200 2
112.10.130.170 - - [27/Nov/2018:17:59:36 +0800] "GET /test/xiaodou/msggetp.php?maxID=24 HTTP/1.1" 200 99
112.10.130.170 - - [27/Nov/2018:17:59:36 +0800] "GET /test/xiaodou/msggetp.php?maxID=25 HTTP/1.1" 200 2
112.10.130.170 - - [27/Nov/2018:17:59:38 +0800] "GET /test/xiaodou/msggetp.php?maxID=25 HTTP/1.1" 200 2
112.10.130.170 - - [27/Nov/2018:17:59:38 +0800] "GET /test/xiaodou/msggetp.php?maxID=24 HTTP/1.1" 200 99
112.10.130.170 - - [27/Nov/2018:17:59:40 +0800] "GET /test/xiaodou/msggetp.php?maxID=25 HTTP/1.1" 200 2
112.10.130.170 - - [27/Nov/2018:17:59:40 +0800] "GET /test/xiaodou/msggetp.php?maxID=24 HTTP/1.1" 200 99
112.10.130.170 - - [27/Nov/2018:17:59:42 +0800] "GET /test/xiaodou/msggetp.php?maxID=25 HTTP/1.1" 200 2
112.10.130.170 - - [27/Nov/2018:17:59:42 +0800] "GET /test/xiaodou/msggetp.php?maxID=24 HTTP/1.1" 200 99
112.10.130.170 - - [27/Nov/2018:17:59:44 +0800] "GET /test/xiaodou/msggetp.php?maxID=25 HTTP/1.1" 200 2
112.10.130.170 - - [27/Nov/2018:17:59:44 +0800] "GET /test/xiaodou/msggetp.php?maxID=24 HTTP/1.1" 200 99
112.10.130.170 - - [27/Nov/2018:17:59:46 +0800] "GET /test/xiaodou/msggetp.php?maxID=25 HTTP/1.1" 200 2
112.10.130.170 - - [27/Nov/2018:17:59:46 +0800] "GET /test/xiaodou/msggetp.php?maxID=24 HTTP/1.1" 200 99
112.10.130.170 - - [27/Nov/2018:17:59:48 +0800] "GET /test/xiaodou/msggetp.php?maxID=25 HTTP/1.1" 200 2
112.10.130.170 - - [27/Nov/2018:17:59:48 +0800] "GET /test/xiaodou/msggetp.php?maxID=24 HTTP/1.1" 200 99
112.10.130.170 - - [27/Nov/2018:17:59:50 +0800] "GET /test/xiaodou/msggetp.php?maxID=25 HTTP/1.1" 200 2
112.10.130.170 - - [27/Nov/2018:17:59:50 +0800] "GET /test/xiaodou/msggetp.php?maxID=24 HTTP/1.1" 200 99
112.10.130.170 - - [27/Nov/2018:17:59:52 +0800] "GET /test/xiaodou/msggetp.php?maxID=25 HTTP/1.1" 200 2
112.10.130.170 - - [27/Nov/2018:17:59:52 +0800] "GET /test/xiaodou/msggetp.php?maxID=24 HTTP/1.1" 200 99
112.10.130.170 - - [27/Nov/2018:17:59:54 +0800] "GET /test/xiaodou/msggetp.php?maxID=25 HTTP/1.1" 200 2
112.10.130.170 - - [27/Nov/2018:17:59:54 +0800] "GET /test/xiaodou/msggetp.php?maxID=24 HTTP/1.1" 200 99
112.10.130.170 - - [27/Nov/2018:17:59:56 +0800] "GET /test/xiaodou/msggetp.php?maxID=25 HTTP/1.1" 200 2
112.10.130.170 - - [27/Nov/2018:17:59:56 +0800] "GET /test/xiaodou/msggetp.php?maxID=24 HTTP/1.1" 200 99
112.10.130.170 - - [27/Nov/2018:17:59:58 +0800] "GET /test/xiaodou/msggetp.php?maxID=25 HTTP/1.1" 200 2
112.10.130.170 - - [27/Nov/2018:17:59:58 +0800] "GET /test/xiaodou/msggetp.php?maxID=24 HTTP/1.1" 200 99
112.10.130.170 - - [27/Nov/2018:18:00:00 +0800] "GET /test/xiaodou/msggetp.php?maxID=25 HTTP/1.1" 200 2
112.10.130.170 - - [27/Nov/2018:18:00:00 +0800] "GET /test/xiaodou/msggetp.php?maxID=24 HTTP/1.1" 200 99
112.10.130.170 - - [27/Nov/2018:18:00:02 +0800] "GET /test/xiaodou/msggetp.php?maxID=25 HTTP/1.1" 200 2
112.10.130.170 - - [27/Nov/2018:18:00:02 +0800] "GET /test/xiaodou/msggetp.php?maxID=24 HTTP/1.1" 200 99
112.10.130.170 - - [27/Nov/2018:18:00:04 +0800] "GET /test/xiaodou/msggetp.php?maxID=25 HTTP/1.1" 200 2
112.10.130.170 - - [27/Nov/2018:18:00:04 +0800] "GET /test/xiaodou/msggetp.php?maxID=24 HTTP/1.1" 200 99
112.10.130.170 - - [27/Nov/2018:18:00:06 +0800] "GET /test/xiaodou/msggetp.php?maxID=25 HTTP/1.1" 200 2
112.10.130.170 - - [27/Nov/2018:18:00:06 +0800] "GET /test/xiaodou/msggetp.php?maxID=24 HTTP/1.1" 200 99
112.10.130.170 - - [27/Nov/2018:18:00:08 +0800] "GET /test/xiaodou/msggetp.php?maxID=25 HTTP/1.1" 200 2
112.10.130.170 - - [27/Nov/2018:18:00:08 +0800] "GET /test/xiaodou/msggetp.php?maxID=24 HTTP/1.1" 200 99
223.93.188.66 - - [27/Nov/2018:18:00:09 +0800] "GET /favicon.ico HTTP/1.1" 404 1085
112.10.130.170 - - [27/Nov/2018:18:00:10 +0800] "GET /test/xiaodou/msggetp.php?maxID=25 HTTP/1.1" 200 2
112.10.130.170 - - [27/Nov/2018:18:00:10 +0800] "GET /test/xiaodou/msggetp.php?maxID=24 HTTP/1.1" 200 99
112.10.130.170 - - [27/Nov/2018:18:00:12 +0800] "GET /test/xiaodou/msggetp.php?maxID=25 HTTP/1.1" 200 2
112.10.130.170 - - [27/Nov/2018:18:00:12 +0800] "GET /test/xiaodou/msggetp.php?maxID=24 HTTP/1.1" 200 99
112.10.130.170 - - [27/Nov/2018:18:00:14 +0800] "GET /test/xiaodou/msggetp.php?maxID=25 HTTP/1.1" 200 2
112.10.130.170 - - [27/Nov/2018:18:00:14 +0800] "GET /test/xiaodou/msggetp.php?maxID=24 HTTP/1.1" 200 99
112.10.130.170 - - [27/Nov/2018:18:00:16 +0800] "GET /test/xiaodou/msggetp.php?maxID=25 HTTP/1.1" 200 2
112.10.130.170 - - [27/Nov/2018:18:00:16 +0800] "GET /test/xiaodou/msggetp.php?maxID=24 HTTP/1.1" 200 99
112.10.130.170 - - [27/Nov/2018:18:00:18 +0800] "GET /test/xiaodou/msggetp.php?maxID=25 HTTP/1.1" 200 2
112.10.130.170 - - [27/Nov/2018:18:00:18 +0800] "GET /test/xiaodou/msggetp.php?maxID=24 HTTP/1.1" 200 99
112.10.130.170 - - [27/Nov/2018:18:00:20 +0800] "GET /test/xiaodou/msggetp.php?maxID=25 HTTP/1.1" 200 2
112.10.130.170 - - [27/Nov/2018:18:00:20 +0800] "GET /test/xiaodou/msggetp.php?maxID=24 HTTP/1.1" 200 99
112.10.130.170 - - [27/Nov/2018:18:00:21 +0800] "GET /test/xiaodou/msggetp.php?maxID=25 HTTP/1.1" 200 2
112.10.130.170 - - [27/Nov/2018:18:00:22 +0800] "GET /test/xiaodou/msggetp.php?maxID=25 HTTP/1.1" 200 2
112.10.130.170 - - [27/Nov/2018:18:00:22 +0800] "GET /test/xiaodou/msggetp.php?maxID=24 HTTP/1.1" 200 99
112.10.130.170 - - [27/Nov/2018:18:00:24 +0800] "GET /test/xiaodou/msggetp.php?maxID=25 HTTP/1.1" 200 2
112.10.130.170 - - [27/Nov/2018:18:00:24 +0800] "GET /test/xiaodou/msggetp.php?maxID=24 HTTP/1.1" 200 99
112.10.130.170 - - [27/Nov/2018:18:00:26 +0800] "GET /test/xiaodou/msggetp.php?maxID=25 HTTP/1.1" 200 2
112.10.130.170 - - [27/Nov/2018:18:00:26 +0800] "GET /test/xiaodou/msggetp.php?maxID=24 HTTP/1.1" 200 99
112.10.130.170 - - [27/Nov/2018:18:00:28 +0800] "GET /test/xiaodou/msggetp.php?maxID=25 HTTP/1.1" 200 2
112.10.130.170 - - [27/Nov/2018:18:00:28 +0800] "GET /test/xiaodou/msggetp.php?maxID=24 HTTP/1.1" 200 99
112.10.130.170 - - [27/Nov/2018:18:00:30 +0800] "GET /test/xiaodou/msggetp.php?maxID=25 HTTP/1.1" 200 2
112.10.130.170 - - [27/Nov/2018:18:00:30 +0800] "GET /test/xiaodou/msggetp.php?maxID=24 HTTP/1.1" 200 99
112.10.130.170 - - [27/Nov/2018:18:00:32 +0800] "GET /test/xiaodou/msggetp.php?maxID=25 HTTP/1.1" 200 2
223.93.188.66 - - [27/Nov/2018:18:00:32 +0800] "GET /test/xiaodou/chat.html HTTP/1.1" 200 4445
223.93.188.66 - - [27/Nov/2018:18:00:32 +0800] "GET /test/xiaodou/vendor/bootstrap/css/bootstrap.min.css HTTP/1.1" 200 140936
223.93.188.66 - - [27/Nov/2018:18:00:32 +0800] "GET /test/xiaodou/vendor/fontawesome-free/css/all.min.css HTTP/1.1" 200 48649
223.93.188.66 - - [27/Nov/2018:18:00:32 +0800] "GET /test/xiaodou/css/grayscale.min.css HTTP/1.1" 200 8714
223.93.188.66 - - [27/Nov/2018:18:00:32 +0800] "GET /test/xiaodou/css/chat.css HTTP/1.1" 200 2091
223.93.188.66 - - [27/Nov/2018:18:00:32 +0800] "GET /test/xiaodou/vendor/jquery/jquery.min.js HTTP/1.1" 200 86927
223.93.188.66 - - [27/Nov/2018:18:00:32 +0800] "GET /test/xiaodou/vendor/bootstrap/js/bootstrap.bundle.min.js HTTP/1.1" 200 70966
112.10.130.170 - - [27/Nov/2018:18:00:32 +0800] "GET /test/xiaodou/msggetp.php?maxID=24 HTTP/1.1" 200 99
223.93.188.66 - - [27/Nov/2018:18:00:32 +0800] "GET /test/xiaodou/js/grayscale.min.js HTTP/1.1" 200 917
223.93.188.66 - - [27/Nov/2018:18:00:32 +0800] "GET /test/xiaodou/vendor/jquery-easing/jquery.easing.min.js HTTP/1.1" 200 2532
223.93.188.66 - - [27/Nov/2018:18:00:32 +0800] "GET /test/xiaodou/js/chat1.js HTTP/1.1" 200 2597
223.93.188.66 - - [27/Nov/2018:18:00:34 +0800] "GET /test/xiaodou/img/logo.png HTTP/1.1" 200 21064
112.10.130.170 - - [27/Nov/2018:18:00:34 +0800] "GET /test/xiaodou/msggetp.php?maxID=25 HTTP/1.1" 200 2
223.93.188.66 - - [27/Nov/2018:18:00:34 +0800] "GET /test/xiaodou/img/talk.jpg HTTP/1.1" 200 1658095
223.93.188.66 - - [27/Nov/2018:18:00:34 +0800] "GET /test/xiaodou/img/bg-masthead.jpg HTTP/1.1" 404 1118
112.10.130.170 - - [27/Nov/2018:18:00:34 +0800] "GET /test/xiaodou/msggetp.php?maxID=24 HTTP/1.1" 200 99
112.10.130.170 - - [27/Nov/2018:18:00:36 +0800] "GET /test/xiaodou/msggetp.php?maxID=25 HTTP/1.1" 200 2
112.10.130.170 - - [27/Nov/2018:18:00:36 +0800] "GET /test/xiaodou/msggetp.php?maxID=24 HTTP/1.1" 200 99
112.10.130.170 - - [27/Nov/2018:18:00:38 +0800] "GET /test/xiaodou/msggetp.php?maxID=25 HTTP/1.1" 200 2
112.10.130.170 - - [27/Nov/2018:18:00:38 +0800] "GET /test/xiaodou/msggetp.php?maxID=24 HTTP/1.1" 200 99
112.10.130.170 - - [27/Nov/2018:18:00:40 +0800] "GET /test/xiaodou/msggetp.php?maxID=25 HTTP/1.1" 200 2
112.10.130.170 - - [27/Nov/2018:18:00:40 +0800] "GET /test/xiaodou/msggetp.php?maxID=24 HTTP/1.1" 200 99
112.10.130.170 - - [27/Nov/2018:18:00:42 +0800] "GET /test/xiaodou/msggetp.php?maxID=25 HTTP/1.1" 200 2
112.10.130.170 - - [27/Nov/2018:18:00:42 +0800] "GET /test/xiaodou/msggetp.php?maxID=24 HTTP/1.1" 200 99
112.10.130.170 - - [27/Nov/2018:18:00:42 +0800] "GET /test/xiaodou/msggetp.php?maxID=25 HTTP/1.1" 200 2
112.10.130.170 - - [27/Nov/2018:18:00:44 +0800] "GET /test/xiaodou/msggetp.php?maxID=25 HTTP/1.1" 200 2
112.10.130.170 - - [27/Nov/2018:18:00:44 +0800] "GET /test/xiaodou/msggetp.php?maxID=24 HTTP/1.1" 200 99
112.10.130.170 - - [27/Nov/2018:18:00:46 +0800] "GET /test/xiaodou/msggetp.php?maxID=25 HTTP/1.1" 200 2
112.10.130.170 - - [27/Nov/2018:18:00:46 +0800] "GET /test/xiaodou/msggetp.php?maxID=24 HTTP/1.1" 200 99
112.10.130.170 - - [27/Nov/2018:18:00:48 +0800] "GET /test/xiaodou/msggetp.php?maxID=25 HTTP/1.1" 200 2
112.10.130.170 - - [27/Nov/2018:18:00:48 +0800] "GET /test/xiaodou/msggetp.php?maxID=24 HTTP/1.1" 200 99
112.10.130.170 - - [27/Nov/2018:18:00:50 +0800] "GET /test/xiaodou/msggetp.php?maxID=25 HTTP/1.1" 200 2
112.10.130.170 - - [27/Nov/2018:18:00:50 +0800] "GET /test/xiaodou/msggetp.php?maxID=24 HTTP/1.1" 200 99
112.10.130.170 - - [27/Nov/2018:18:00:52 +0800] "GET /test/xiaodou/msggetp.php?maxID=25 HTTP/1.1" 200 2
112.10.130.170 - - [27/Nov/2018:18:00:52 +0800] "GET /test/xiaodou/msggetp.php?maxID=24 HTTP/1.1" 200 99
223.93.188.66 - - [27/Nov/2018:18:00:53 +0800] "GET /favicon.ico HTTP/1.1" 404 1085
112.10.130.170 - - [27/Nov/2018:18:00:54 +0800] "GET /test/xiaodou/msggetp.php?maxID=25 HTTP/1.1" 200 2
112.10.130.170 - - [27/Nov/2018:18:00:54 +0800] "GET /test/xiaodou/msggetp.php?maxID=24 HTTP/1.1" 200 99
223.93.188.66 - - [27/Nov/2018:18:00:56 +0800] "GET /test/xiaodou/msggetp.php?maxID=0 HTTP/1.1" 200 2209
112.10.130.170 - - [27/Nov/2018:18:00:56 +0800] "GET /test/xiaodou/msggetp.php?maxID=25 HTTP/1.1" 200 2
112.10.130.170 - - [27/Nov/2018:18:00:56 +0800] "GET /test/xiaodou/msggetp.php?maxID=24 HTTP/1.1" 200 99
223.93.188.66 - - [27/Nov/2018:18:00:58 +0800] "GET /test/xiaodou/msggetp.php?maxID=25 HTTP/1.1" 200 2
112.10.130.170 - - [27/Nov/2018:18:00:58 +0800] "GET /test/xiaodou/msggetp.php?maxID=25 HTTP/1.1" 200 2
112.10.130.170 - - [27/Nov/2018:18:00:58 +0800] "GET /test/xiaodou/msggetp.php?maxID=24 HTTP/1.1" 200 99
223.93.188.66 - - [27/Nov/2018:18:01:00 +0800] "GET /test/xiaodou/msggetp.php?maxID=25 HTTP/1.1" 200 2
112.10.130.170 - - [27/Nov/2018:18:01:00 +0800] "GET /test/xiaodou/msggetp.php?maxID=25 HTTP/1.1" 200 2
112.10.130.170 - - [27/Nov/2018:18:01:00 +0800] "GET /test/xiaodou/msggetp.php?maxID=24 HTTP/1.1" 200 99
223.93.188.66 - - [27/Nov/2018:18:01:02 +0800] "GET /test/xiaodou/msggetp.php?maxID=25 HTTP/1.1" 200 2
112.10.130.170 - - [27/Nov/2018:18:01:02 +0800] "GET /test/xiaodou/msggetp.php?maxID=25 HTTP/1.1" 200 2
112.10.130.170 - - [27/Nov/2018:18:01:02 +0800] "GET /test/xiaodou/msggetp.php?maxID=24 HTTP/1.1" 200 99
223.93.188.66 - - [27/Nov/2018:18:01:04 +0800] "GET /test/xiaodou/msggetp.php?maxID=25 HTTP/1.1" 200 2
112.10.130.170 - - [27/Nov/2018:18:01:04 +0800] "GET /test/xiaodou/msggetp.php?maxID=25 HTTP/1.1" 200 2
112.10.130.170 - - [27/Nov/2018:18:01:04 +0800] "GET /test/xiaodou/msggetp.php?maxID=24 HTTP/1.1" 200 99
223.93.188.66 - - [27/Nov/2018:18:01:04 +0800] "POST /test/xiaodou/msgsendp.php HTTP/1.1" 200 12
223.93.188.66 - - [27/Nov/2018:18:01:06 +0800] "GET /test/xiaodou/msggetp.php?maxID=25 HTTP/1.1" 200 68
112.10.130.170 - - [27/Nov/2018:18:01:06 +0800] "GET /test/xiaodou/msggetp.php?maxID=25 HTTP/1.1" 200 68
112.10.130.170 - - [27/Nov/2018:18:01:06 +0800] "GET /test/xiaodou/msggetp.php?maxID=24 HTTP/1.1" 200 166
223.93.188.66 - - [27/Nov/2018:18:01:08 +0800] "GET /test/xiaodou/msggetp.php?maxID=25 HTTP/1.1" 200 68
112.10.130.170 - - [27/Nov/2018:18:01:08 +0800] "GET /test/xiaodou/msggetp.php?maxID=26 HTTP/1.1" 200 2
112.10.130.170 - - [27/Nov/2018:18:01:08 +0800] "GET /test/xiaodou/msggetp.php?maxID=26 HTTP/1.1" 200 2
223.93.188.66 - - [27/Nov/2018:18:01:10 +0800] "GET /test/xiaodou/msggetp.php?maxID=25 HTTP/1.1" 200 68
112.10.130.170 - - [27/Nov/2018:18:01:10 +0800] "GET /test/xiaodou/msggetp.php?maxID=26 HTTP/1.1" 200 2
112.10.130.170 - - [27/Nov/2018:18:01:10 +0800] "GET /test/xiaodou/msggetp.php?maxID=26 HTTP/1.1" 200 2
223.93.188.66 - - [27/Nov/2018:18:01:12 +0800] "GET /test/xiaodou/msggetp.php?maxID=25 HTTP/1.1" 200 68
112.10.130.170 - - [27/Nov/2018:18:01:12 +0800] "GET /test/xiaodou/msggetp.php?maxID=26 HTTP/1.1" 200 2
112.10.130.170 - - [27/Nov/2018:18:01:12 +0800] "GET /test/xiaodou/msggetp.php?maxID=26 HTTP/1.1" 200 2
223.93.188.66 - - [27/Nov/2018:18:01:14 +0800] "GET /test/xiaodou/msggetp.php?maxID=25 HTTP/1.1" 200 68
112.10.130.170 - - [27/Nov/2018:18:01:14 +0800] "GET /test/xiaodou/msggetp.php?maxID=26 HTTP/1.1" 200 2
112.10.130.170 - - [27/Nov/2018:18:01:14 +0800] "GET /test/xiaodou/msggetp.php?maxID=25 HTTP/1.1" 200 68
112.10.130.170 - - [27/Nov/2018:18:01:14 +0800] "GET /test/xiaodou/msggetp.php?maxID=26 HTTP/1.1" 200 2
223.93.188.66 - - [27/Nov/2018:18:01:16 +0800] "GET /test/xiaodou/msggetp.php?maxID=25 HTTP/1.1" 200 68
112.10.130.170 - - [27/Nov/2018:18:01:16 +0800] "GET /test/xiaodou/msggetp.php?maxID=26 HTTP/1.1" 200 2
112.10.130.170 - - [27/Nov/2018:18:01:16 +0800] "GET /test/xiaodou/msggetp.php?maxID=26 HTTP/1.1" 200 2
112.10.130.170 - - [27/Nov/2018:18:01:16 +0800] "POST /test/xiaodou/msgsendp.php HTTP/1.1" 200 12
223.93.188.66 - - [27/Nov/2018:18:01:18 +0800] "GET /test/xiaodou/msggetp.php?maxID=25 HTTP/1.1" 200 142
112.10.130.170 - - [27/Nov/2018:18:01:18 +0800] "GET /test/xiaodou/msggetp.php?maxID=26 HTTP/1.1" 200 75
112.10.130.170 - - [27/Nov/2018:18:01:18 +0800] "GET /test/xiaodou/msggetp.php?maxID=26 HTTP/1.1" 200 75
223.93.188.66 - - [27/Nov/2018:18:01:20 +0800] "GET /test/xiaodou/msggetp.php?maxID=27 HTTP/1.1" 200 2
112.10.130.170 - - [27/Nov/2018:18:01:20 +0800] "GET /test/xiaodou/msggetp.php?maxID=26 HTTP/1.1" 200 75
112.10.130.170 - - [27/Nov/2018:18:01:20 +0800] "GET /test/xiaodou/msggetp.php?maxID=27 HTTP/1.1" 200 2
223.93.188.66 - - [27/Nov/2018:18:01:22 +0800] "GET /test/xiaodou/msggetp.php?maxID=27 HTTP/1.1" 200 2
112.10.130.170 - - [27/Nov/2018:18:01:22 +0800] "GET /test/xiaodou/msggetp.php?maxID=26 HTTP/1.1" 200 75
112.10.130.170 - - [27/Nov/2018:18:01:22 +0800] "GET /test/xiaodou/msggetp.php?maxID=27 HTTP/1.1" 200 2
223.93.188.66 - - [27/Nov/2018:18:01:24 +0800] "GET /test/xiaodou/msggetp.php?maxID=27 HTTP/1.1" 200 2
112.10.130.170 - - [27/Nov/2018:18:01:24 +0800] "GET /test/xiaodou/msggetp.php?maxID=26 HTTP/1.1" 200 75
112.10.130.170 - - [27/Nov/2018:18:01:24 +0800] "GET /test/xiaodou/msggetp.php?maxID=27 HTTP/1.1" 200 2
223.93.188.66 - - [27/Nov/2018:18:01:26 +0800] "GET /test/xiaodou/msggetp.php?maxID=27 HTTP/1.1" 200 2
112.10.130.170 - - [27/Nov/2018:18:01:26 +0800] "GET /test/xiaodou/msggetp.php?maxID=26 HTTP/1.1" 200 75
112.10.130.170 - - [27/Nov/2018:18:01:26 +0800] "GET /test/xiaodou/msggetp.php?maxID=27 HTTP/1.1" 200 2
223.93.188.66 - - [27/Nov/2018:18:01:28 +0800] "GET /test/xiaodou/msggetp.php?maxID=27 HTTP/1.1" 200 2
112.10.130.170 - - [27/Nov/2018:18:01:28 +0800] "GET /test/xiaodou/msggetp.php?maxID=26 HTTP/1.1" 200 75
112.10.130.170 - - [27/Nov/2018:18:01:28 +0800] "GET /test/xiaodou/msggetp.php?maxID=27 HTTP/1.1" 200 2
223.93.188.66 - - [27/Nov/2018:18:01:30 +0800] "GET /test/xiaodou/msggetp.php?maxID=27 HTTP/1.1" 200 2
112.10.130.170 - - [27/Nov/2018:18:01:30 +0800] "GET /test/xiaodou/msggetp.php?maxID=26 HTTP/1.1" 200 75
112.10.130.170 - - [27/Nov/2018:18:01:30 +0800] "GET /test/xiaodou/msggetp.php?maxID=27 HTTP/1.1" 200 2
223.93.188.66 - - [27/Nov/2018:18:01:32 +0800] "GET /test/xiaodou/msggetp.php?maxID=27 HTTP/1.1" 200 2
112.10.130.170 - - [27/Nov/2018:18:01:32 +0800] "GET /test/xiaodou/msggetp.php?maxID=26 HTTP/1.1" 200 75
112.10.130.170 - - [27/Nov/2018:18:01:32 +0800] "GET /test/xiaodou/msggetp.php?maxID=27 HTTP/1.1" 200 2
223.93.188.66 - - [27/Nov/2018:18:01:33 +0800] "POST /test/xiaodou/msgsendp.php HTTP/1.1" 200 12
223.93.188.66 - - [27/Nov/2018:18:01:34 +0800] "GET /test/xiaodou/msggetp.php?maxID=27 HTTP/1.1" 200 90
112.10.130.170 - - [27/Nov/2018:18:01:34 +0800] "GET /test/xiaodou/msggetp.php?maxID=26 HTTP/1.1" 200 164
112.10.130.170 - - [27/Nov/2018:18:01:34 +0800] "GET /test/xiaodou/msggetp.php?maxID=27 HTTP/1.1" 200 90
223.93.188.66 - - [27/Nov/2018:18:01:36 +0800] "GET /test/xiaodou/msggetp.php?maxID=27 HTTP/1.1" 200 90
112.10.130.170 - - [27/Nov/2018:18:01:36 +0800] "GET /test/xiaodou/msggetp.php?maxID=28 HTTP/1.1" 200 2
112.10.130.170 - - [27/Nov/2018:18:01:36 +0800] "POST /test/xiaodou/msgsendp.php HTTP/1.1" 200 12
112.10.130.170 - - [27/Nov/2018:18:01:36 +0800] "GET /test/xiaodou/msggetp.php?maxID=26 HTTP/1.1" 200 280
112.10.130.170 - - [27/Nov/2018:18:01:36 +0800] "GET /test/xiaodou/msggetp.php?maxID=28 HTTP/1.1" 200 117
223.93.188.66 - - [27/Nov/2018:18:01:38 +0800] "GET /test/xiaodou/msggetp.php?maxID=27 HTTP/1.1" 200 206
112.10.130.170 - - [27/Nov/2018:18:01:38 +0800] "GET /test/xiaodou/msggetp.php?maxID=28 HTTP/1.1" 200 117
112.10.130.170 - - [27/Nov/2018:18:01:38 +0800] "GET /test/xiaodou/msggetp.php?maxID=28 HTTP/1.1" 200 117
223.93.188.66 - - [27/Nov/2018:18:01:40 +0800] "GET /test/xiaodou/msggetp.php?maxID=29 HTTP/1.1" 200 2
112.10.130.170 - - [27/Nov/2018:18:01:40 +0800] "GET /test/xiaodou/msggetp.php?maxID=29 HTTP/1.1" 200 2
112.10.130.170 - - [27/Nov/2018:18:01:40 +0800] "GET /test/xiaodou/msggetp.php?maxID=28 HTTP/1.1" 200 117
223.93.188.66 - - [27/Nov/2018:18:01:42 +0800] "GET /test/xiaodou/msggetp.php?maxID=29 HTTP/1.1" 200 2
112.10.130.170 - - [27/Nov/2018:18:01:42 +0800] "GET /test/xiaodou/msggetp.php?maxID=29 HTTP/1.1" 200 2
112.10.130.170 - - [27/Nov/2018:18:01:42 +0800] "GET /test/xiaodou/msggetp.php?maxID=28 HTTP/1.1" 200 117
223.93.188.66 - - [27/Nov/2018:18:01:44 +0800] "GET /test/xiaodou/msggetp.php?maxID=29 HTTP/1.1" 200 2
112.10.130.170 - - [27/Nov/2018:18:01:44 +0800] "GET /test/xiaodou/msggetp.php?maxID=29 HTTP/1.1" 200 2
112.10.130.170 - - [27/Nov/2018:18:01:44 +0800] "GET /test/xiaodou/msggetp.php?maxID=28 HTTP/1.1" 200 117
112.10.130.170 - - [27/Nov/2018:18:01:45 +0800] "POST /test/xiaodou/msgsendp.php HTTP/1.1" 200 12
223.93.188.66 - - [27/Nov/2018:18:01:46 +0800] "GET /test/xiaodou/msggetp.php?maxID=29 HTTP/1.1" 200 99
112.10.130.170 - - [27/Nov/2018:18:01:46 +0800] "GET /test/xiaodou/msggetp.php?maxID=29 HTTP/1.1" 200 99
112.10.130.170 - - [27/Nov/2018:18:01:46 +0800] "GET /test/xiaodou/msggetp.php?maxID=28 HTTP/1.1" 200 215
223.93.188.66 - - [27/Nov/2018:18:01:48 +0800] "GET /test/xiaodou/msggetp.php?maxID=30 HTTP/1.1" 200 2
112.10.130.170 - - [27/Nov/2018:18:01:48 +0800] "GET /test/xiaodou/msggetp.php?maxID=30 HTTP/1.1" 200 2
112.10.130.170 - - [27/Nov/2018:18:01:48 +0800] "GET /test/xiaodou/msggetp.php?maxID=28 HTTP/1.1" 200 215
223.93.188.66 - - [27/Nov/2018:18:01:50 +0800] "GET /test/xiaodou/msggetp.php?maxID=30 HTTP/1.1" 200 2
112.10.130.170 - - [27/Nov/2018:18:01:50 +0800] "GET /test/xiaodou/msggetp.php?maxID=30 HTTP/1.1" 200 2
112.10.130.170 - - [27/Nov/2018:18:01:50 +0800] "GET /test/xiaodou/msggetp.php?maxID=28 HTTP/1.1" 200 215
223.93.188.66 - - [27/Nov/2018:18:01:52 +0800] "GET /test/xiaodou/msggetp.php?maxID=30 HTTP/1.1" 200 2
112.10.130.170 - - [27/Nov/2018:18:01:52 +0800] "GET /test/xiaodou/msggetp.php?maxID=30 HTTP/1.1" 200 2
112.10.130.170 - - [27/Nov/2018:18:01:52 +0800] "GET /test/xiaodou/msggetp.php?maxID=28 HTTP/1.1" 200 215
223.93.188.66 - - [27/Nov/2018:18:01:54 +0800] "GET /test/xiaodou/msggetp.php?maxID=30 HTTP/1.1" 200 2
112.10.130.170 - - [27/Nov/2018:18:01:54 +0800] "GET /test/xiaodou/msggetp.php?maxID=30 HTTP/1.1" 200 2
112.10.130.170 - - [27/Nov/2018:18:01:54 +0800] "GET /test/xiaodou/msggetp.php?maxID=28 HTTP/1.1" 200 215
112.10.130.170 - - [27/Nov/2018:18:01:55 +0800] "GET /test/xiaodou/msggetp.php?maxID=29 HTTP/1.1" 200 99
112.10.130.170 - - [27/Nov/2018:18:01:56 +0800] "GET /test/xiaodou/msggetp.php?maxID=30 HTTP/1.1" 200 2
112.10.130.170 - - [27/Nov/2018:18:01:56 +0800] "GET /test/xiaodou/msggetp.php?maxID=28 HTTP/1.1" 200 215
223.93.188.66 - - [27/Nov/2018:18:01:57 +0800] "GET /test/xiaodou/msggetp.php?maxID=30 HTTP/1.1" 200 2
112.10.130.170 - - [27/Nov/2018:18:01:58 +0800] "GET /test/xiaodou/msggetp.php?maxID=30 HTTP/1.1" 200 2
112.10.130.170 - - [27/Nov/2018:18:01:58 +0800] "GET /test/xiaodou/msggetp.php?maxID=28 HTTP/1.1" 200 215
223.93.188.66 - - [27/Nov/2018:18:01:59 +0800] "GET /test/xiaodou/msggetp.php?maxID=30 HTTP/1.1" 200 2
112.10.130.170 - - [27/Nov/2018:18:02:00 +0800] "GET /test/xiaodou/msggetp.php?maxID=30 HTTP/1.1" 200 2
112.10.130.170 - - [27/Nov/2018:18:02:00 +0800] "GET /test/xiaodou/msggetp.php?maxID=28 HTTP/1.1" 200 215
223.93.188.66 - - [27/Nov/2018:18:02:01 +0800] "GET /test/xiaodou/msggetp.php?maxID=30 HTTP/1.1" 200 2
112.10.130.170 - - [27/Nov/2018:18:02:02 +0800] "GET /test/xiaodou/msggetp.php?maxID=30 HTTP/1.1" 200 2
112.10.130.170 - - [27/Nov/2018:18:02:02 +0800] "GET /test/xiaodou/msggetp.php?maxID=28 HTTP/1.1" 200 215
223.93.188.66 - - [27/Nov/2018:18:02:03 +0800] "GET /test/xiaodou/msggetp.php?maxID=30 HTTP/1.1" 200 2
112.10.130.170 - - [27/Nov/2018:18:02:04 +0800] "GET /test/xiaodou/msggetp.php?maxID=30 HTTP/1.1" 200 2
112.10.130.170 - - [27/Nov/2018:18:02:04 +0800] "GET /test/xiaodou/msggetp.php?maxID=28 HTTP/1.1" 200 215
223.93.188.66 - - [27/Nov/2018:18:02:05 +0800] "GET /test/xiaodou/msggetp.php?maxID=30 HTTP/1.1" 200 2
112.10.130.170 - - [27/Nov/2018:18:02:06 +0800] "GET /test/xiaodou/msggetp.php?maxID=30 HTTP/1.1" 200 2
112.10.130.170 - - [27/Nov/2018:18:02:06 +0800] "GET /test/xiaodou/msggetp.php?maxID=28 HTTP/1.1" 200 215
223.93.188.66 - - [27/Nov/2018:18:02:07 +0800] "GET /test/xiaodou/msggetp.php?maxID=30 HTTP/1.1" 200 2
112.10.130.170 - - [27/Nov/2018:18:02:08 +0800] "GET /test/xiaodou/msggetp.php?maxID=30 HTTP/1.1" 200 2
112.10.130.170 - - [27/Nov/2018:18:02:08 +0800] "GET /test/xiaodou/msggetp.php?maxID=28 HTTP/1.1" 200 215
223.93.188.66 - - [27/Nov/2018:18:02:09 +0800] "GET /test/xiaodou/msggetp.php?maxID=30 HTTP/1.1" 200 2
112.10.130.170 - - [27/Nov/2018:18:02:10 +0800] "GET /test/xiaodou/msggetp.php?maxID=30 HTTP/1.1" 200 2
112.10.130.170 - - [27/Nov/2018:18:02:10 +0800] "GET /test/xiaodou/msggetp.php?maxID=28 HTTP/1.1" 200 215
223.93.188.66 - - [27/Nov/2018:18:02:11 +0800] "GET /test/xiaodou/msggetp.php?maxID=30 HTTP/1.1" 200 2
112.10.130.170 - - [27/Nov/2018:18:02:12 +0800] "GET /test/xiaodou/msggetp.php?maxID=30 HTTP/1.1" 200 2
112.10.130.170 - - [27/Nov/2018:18:02:12 +0800] "POST /test/xiaodou/msgsendp.php HTTP/1.1" 200 12
112.10.130.170 - - [27/Nov/2018:18:02:12 +0800] "GET /test/xiaodou/msggetp.php?maxID=28 HTTP/1.1" 200 368
223.93.188.66 - - [27/Nov/2018:18:02:13 +0800] "GET /test/xiaodou/msggetp.php?maxID=30 HTTP/1.1" 200 154
112.10.130.170 - - [27/Nov/2018:18:02:14 +0800] "GET /test/xiaodou/msggetp.php?maxID=30 HTTP/1.1" 200 154
112.10.130.170 - - [27/Nov/2018:18:02:14 +0800] "GET /test/xiaodou/msggetp.php?maxID=31 HTTP/1.1" 200 2
223.93.188.66 - - [27/Nov/2018:18:02:15 +0800] "GET /test/xiaodou/msggetp.php?maxID=31 HTTP/1.1" 200 2
112.10.130.170 - - [27/Nov/2018:18:02:16 +0800] "GET /test/xiaodou/msggetp.php?maxID=30 HTTP/1.1" 200 154
112.10.130.170 - - [27/Nov/2018:18:02:16 +0800] "GET /test/xiaodou/msggetp.php?maxID=31 HTTP/1.1" 200 2
223.93.188.66 - - [27/Nov/2018:18:02:17 +0800] "GET /test/xiaodou/msggetp.php?maxID=31 HTTP/1.1" 200 2
112.10.130.170 - - [27/Nov/2018:18:02:18 +0800] "GET /test/xiaodou/msggetp.php?maxID=30 HTTP/1.1" 200 154
112.10.130.170 - - [27/Nov/2018:18:02:18 +0800] "GET /test/xiaodou/msggetp.php?maxID=31 HTTP/1.1" 200 2
223.93.188.66 - - [27/Nov/2018:18:02:19 +0800] "GET /test/xiaodou/msggetp.php?maxID=31 HTTP/1.1" 200 2
112.10.130.170 - - [27/Nov/2018:18:02:20 +0800] "GET /test/xiaodou/msggetp.php?maxID=30 HTTP/1.1" 200 154
112.10.130.170 - - [27/Nov/2018:18:02:20 +0800] "GET /test/xiaodou/msggetp.php?maxID=31 HTTP/1.1" 200 2
223.93.188.66 - - [27/Nov/2018:18:02:21 +0800] "GET /test/xiaodou/msggetp.php?maxID=31 HTTP/1.1" 200 2
112.10.130.170 - - [27/Nov/2018:18:02:22 +0800] "GET /test/xiaodou/msggetp.php?maxID=30 HTTP/1.1" 200 154
112.10.130.170 - - [27/Nov/2018:18:02:22 +0800] "GET /test/xiaodou/msggetp.php?maxID=31 HTTP/1.1" 200 2
223.93.188.66 - - [27/Nov/2018:18:02:23 +0800] "GET /test/xiaodou/msggetp.php?maxID=31 HTTP/1.1" 200 2
112.10.130.170 - - [27/Nov/2018:18:02:24 +0800] "GET /test/xiaodou/msggetp.php?maxID=30 HTTP/1.1" 200 154
112.10.130.170 - - [27/Nov/2018:18:02:24 +0800] "GET /test/xiaodou/msggetp.php?maxID=31 HTTP/1.1" 200 2
223.93.188.66 - - [27/Nov/2018:18:02:25 +0800] "GET /test/xiaodou/msggetp.php?maxID=31 HTTP/1.1" 200 2
112.10.130.170 - - [27/Nov/2018:18:02:26 +0800] "GET /test/xiaodou/msggetp.php?maxID=30 HTTP/1.1" 200 154
112.10.130.170 - - [27/Nov/2018:18:02:26 +0800] "GET /test/xiaodou/msggetp.php?maxID=31 HTTP/1.1" 200 2
223.93.188.66 - - [27/Nov/2018:18:02:27 +0800] "GET /test/xiaodou/msggetp.php?maxID=31 HTTP/1.1" 200 2
223.93.188.66 - - [27/Nov/2018:18:02:28 +0800] "GET /test/xiaodou/msggetp.php?maxID=31 HTTP/1.1" 200 2
112.10.130.170 - - [27/Nov/2018:18:02:28 +0800] "GET /test/xiaodou/msggetp.php?maxID=30 HTTP/1.1" 200 154
112.10.130.170 - - [27/Nov/2018:18:02:28 +0800] "GET /test/xiaodou/msggetp.php?maxID=31 HTTP/1.1" 200 2
223.93.188.66 - - [27/Nov/2018:18:02:30 +0800] "GET /test/xiaodou/msggetp.php?maxID=31 HTTP/1.1" 200 2
112.10.130.170 - - [27/Nov/2018:18:02:30 +0800] "GET /test/xiaodou/msggetp.php?maxID=30 HTTP/1.1" 200 154
112.10.130.170 - - [27/Nov/2018:18:02:30 +0800] "GET /test/xiaodou/msggetp.php?maxID=31 HTTP/1.1" 200 2
223.93.188.66 - - [27/Nov/2018:18:02:32 +0800] "GET /test/xiaodou/msggetp.php?maxID=31 HTTP/1.1" 200 2
112.10.130.170 - - [27/Nov/2018:18:02:32 +0800] "GET /test/xiaodou/msggetp.php?maxID=30 HTTP/1.1" 200 154
112.10.130.170 - - [27/Nov/2018:18:02:32 +0800] "GET /test/xiaodou/msggetp.php?maxID=31 HTTP/1.1" 200 2
223.93.188.66 - - [27/Nov/2018:18:02:34 +0800] "GET /test/xiaodou/msggetp.php?maxID=31 HTTP/1.1" 200 2
112.10.130.170 - - [27/Nov/2018:18:02:34 +0800] "GET /test/xiaodou/msggetp.php?maxID=30 HTTP/1.1" 200 154
112.10.130.170 - - [27/Nov/2018:18:02:34 +0800] "GET /test/xiaodou/msggetp.php?maxID=31 HTTP/1.1" 200 2
223.93.188.66 - - [27/Nov/2018:18:02:36 +0800] "GET /test/xiaodou/msggetp.php?maxID=31 HTTP/1.1" 200 2
112.10.130.170 - - [27/Nov/2018:18:02:36 +0800] "GET /test/xiaodou/msggetp.php?maxID=30 HTTP/1.1" 200 154
112.10.130.170 - - [27/Nov/2018:18:02:36 +0800] "GET /test/xiaodou/msggetp.php?maxID=31 HTTP/1.1" 200 2
223.93.188.66 - - [27/Nov/2018:18:02:38 +0800] "GET /test/xiaodou/msggetp.php?maxID=31 HTTP/1.1" 200 2
112.10.130.170 - - [27/Nov/2018:18:02:38 +0800] "GET /test/xiaodou/msggetp.php?maxID=30 HTTP/1.1" 200 154
112.10.130.170 - - [27/Nov/2018:18:02:38 +0800] "GET /test/xiaodou/msggetp.php?maxID=31 HTTP/1.1" 200 2
223.93.188.66 - - [27/Nov/2018:18:02:40 +0800] "GET /test/xiaodou/msggetp.php?maxID=31 HTTP/1.1" 200 2
112.10.130.170 - - [27/Nov/2018:18:02:40 +0800] "GET /test/xiaodou/msggetp.php?maxID=30 HTTP/1.1" 200 154
112.10.130.170 - - [27/Nov/2018:18:02:40 +0800] "GET /test/xiaodou/msggetp.php?maxID=31 HTTP/1.1" 200 2
223.93.188.66 - - [27/Nov/2018:18:02:42 +0800] "GET /test/xiaodou/msggetp.php?maxID=31 HTTP/1.1" 200 2
112.10.130.170 - - [27/Nov/2018:18:02:42 +0800] "GET /test/xiaodou/msggetp.php?maxID=30 HTTP/1.1" 200 154
112.10.130.170 - - [27/Nov/2018:18:02:42 +0800] "GET /test/xiaodou/msggetp.php?maxID=31 HTTP/1.1" 200 2
112.10.130.170 - - [27/Nov/2018:18:02:43 +0800] "GET /test/xiaodou/msggetp.php?maxID=30 HTTP/1.1" 200 154
223.93.188.66 - - [27/Nov/2018:18:02:43 +0800] "POST /test/xiaodou/msgsendp.php HTTP/1.1" 200 12
223.93.188.66 - - [27/Nov/2018:18:02:44 +0800] "GET /test/xiaodou/msggetp.php?maxID=31 HTTP/1.1" 200 108
112.10.130.170 - - [27/Nov/2018:18:02:44 +0800] "GET /test/xiaodou/msggetp.php?maxID=30 HTTP/1.1" 200 261
112.10.130.170 - - [27/Nov/2018:18:02:44 +0800] "GET /test/xiaodou/msggetp.php?maxID=31 HTTP/1.1" 200 108
112.10.130.170 - - [27/Nov/2018:18:02:44 +0800] "GET /test/xiaodou/msggetp.php?maxID=31 HTTP/1.1" 200 108
223.93.188.66 - - [27/Nov/2018:18:02:46 +0800] "GET /test/xiaodou/msggetp.php?maxID=31 HTTP/1.1" 200 108
112.10.130.170 - - [27/Nov/2018:18:02:46 +0800] "GET /test/xiaodou/msggetp.php?maxID=32 HTTP/1.1" 200 2
112.10.130.170 - - [27/Nov/2018:18:02:46 +0800] "GET /test/xiaodou/msggetp.php?maxID=32 HTTP/1.1" 200 2
223.93.188.66 - - [27/Nov/2018:18:02:48 +0800] "GET /test/xiaodou/msggetp.php?maxID=31 HTTP/1.1" 200 108
112.10.130.170 - - [27/Nov/2018:18:02:48 +0800] "GET /test/xiaodou/msggetp.php?maxID=32 HTTP/1.1" 200 2
112.10.130.170 - - [27/Nov/2018:18:02:48 +0800] "GET /test/xiaodou/msggetp.php?maxID=32 HTTP/1.1" 200 2
223.93.188.66 - - [27/Nov/2018:18:02:50 +0800] "GET /test/xiaodou/msggetp.php?maxID=31 HTTP/1.1" 200 108
112.10.130.170 - - [27/Nov/2018:18:02:50 +0800] "GET /test/xiaodou/msggetp.php?maxID=32 HTTP/1.1" 200 2
112.10.130.170 - - [27/Nov/2018:18:02:50 +0800] "GET /test/xiaodou/msggetp.php?maxID=32 HTTP/1.1" 200 2
223.93.188.66 - - [27/Nov/2018:18:02:52 +0800] "GET /test/xiaodou/msggetp.php?maxID=31 HTTP/1.1" 200 108
112.10.130.170 - - [27/Nov/2018:18:02:52 +0800] "GET /test/xiaodou/msggetp.php?maxID=32 HTTP/1.1" 200 2
112.10.130.170 - - [27/Nov/2018:18:02:52 +0800] "GET /test/xiaodou/msggetp.php?maxID=32 HTTP/1.1" 200 2
112.10.130.170 - - [27/Nov/2018:18:02:54 +0800] "GET /test/xiaodou/msggetp.php?maxID=32 HTTP/1.1" 200 2
112.10.130.170 - - [27/Nov/2018:18:02:54 +0800] "GET /test/xiaodou/msggetp.php?maxID=32 HTTP/1.1" 200 2
223.93.188.66 - - [27/Nov/2018:18:02:55 +0800] "GET /test/xiaodou/msggetp.php?maxID=31 HTTP/1.1" 200 108
112.10.130.170 - - [27/Nov/2018:18:02:56 +0800] "GET /test/xiaodou/msggetp.php?maxID=32 HTTP/1.1" 200 2
112.10.130.170 - - [27/Nov/2018:18:02:56 +0800] "GET /test/xiaodou/msggetp.php?maxID=32 HTTP/1.1" 200 2
223.93.188.66 - - [27/Nov/2018:18:02:57 +0800] "GET /test/xiaodou/msggetp.php?maxID=31 HTTP/1.1" 200 108
112.10.130.170 - - [27/Nov/2018:18:02:58 +0800] "GET /test/xiaodou/msggetp.php?maxID=32 HTTP/1.1" 200 2
112.10.130.170 - - [27/Nov/2018:18:02:58 +0800] "GET /test/xiaodou/msggetp.php?maxID=32 HTTP/1.1" 200 2
223.93.188.66 - - [27/Nov/2018:18:02:59 +0800] "GET /test/xiaodou/msggetp.php?maxID=31 HTTP/1.1" 200 108
112.10.130.170 - - [27/Nov/2018:18:03:00 +0800] "GET /test/xiaodou/msggetp.php?maxID=32 HTTP/1.1" 200 2
112.10.130.170 - - [27/Nov/2018:18:03:00 +0800] "GET /test/xiaodou/msggetp.php?maxID=32 HTTP/1.1" 200 2
223.93.188.66 - - [27/Nov/2018:18:03:01 +0800] "GET /test/xiaodou/msggetp.php?maxID=31 HTTP/1.1" 200 108
112.10.130.170 - - [27/Nov/2018:18:03:02 +0800] "GET /test/xiaodou/msggetp.php?maxID=32 HTTP/1.1" 200 2
112.10.130.170 - - [27/Nov/2018:18:03:02 +0800] "GET /test/xiaodou/msggetp.php?maxID=32 HTTP/1.1" 200 2
223.93.188.66 - - [27/Nov/2018:18:03:03 +0800] "GET /test/xiaodou/msggetp.php?maxID=31 HTTP/1.1" 200 108
112.10.130.170 - - [27/Nov/2018:18:03:04 +0800] "GET /test/xiaodou/msggetp.php?maxID=32 HTTP/1.1" 200 2
112.10.130.170 - - [27/Nov/2018:18:03:04 +0800] "GET /test/xiaodou/msggetp.php?maxID=32 HTTP/1.1" 200 2
223.93.188.66 - - [27/Nov/2018:18:03:05 +0800] "GET /test/xiaodou/msggetp.php?maxID=31 HTTP/1.1" 200 108
223.93.188.66 - - [27/Nov/2018:18:03:06 +0800] "GET /test/xiaodou/msggetp.php?maxID=31 HTTP/1.1" 200 108
112.10.130.170 - - [27/Nov/2018:18:03:06 +0800] "GET /test/xiaodou/msggetp.php?maxID=32 HTTP/1.1" 200 2
112.10.130.170 - - [27/Nov/2018:18:03:06 +0800] "GET /test/xiaodou/msggetp.php?maxID=32 HTTP/1.1" 200 2
223.93.188.66 - - [27/Nov/2018:18:03:08 +0800] "GET /test/xiaodou/msggetp.php?maxID=31 HTTP/1.1" 200 108
112.10.130.170 - - [27/Nov/2018:18:03:08 +0800] "GET /test/xiaodou/msggetp.php?maxID=32 HTTP/1.1" 200 2
112.10.130.170 - - [27/Nov/2018:18:03:08 +0800] "GET /test/xiaodou/msggetp.php?maxID=32 HTTP/1.1" 200 2
223.93.188.66 - - [27/Nov/2018:18:03:10 +0800] "GET /test/xiaodou/msggetp.php?maxID=31 HTTP/1.1" 200 108
112.10.130.170 - - [27/Nov/2018:18:03:10 +0800] "GET /test/xiaodou/msggetp.php?maxID=32 HTTP/1.1" 200 2
112.10.130.170 - - [27/Nov/2018:18:03:10 +0800] "GET /test/xiaodou/msggetp.php?maxID=32 HTTP/1.1" 200 2
223.93.188.66 - - [27/Nov/2018:18:03:12 +0800] "GET /test/xiaodou/msggetp.php?maxID=31 HTTP/1.1" 200 108
112.10.130.170 - - [27/Nov/2018:18:03:12 +0800] "GET /test/xiaodou/msggetp.php?maxID=32 HTTP/1.1" 200 2
112.10.130.170 - - [27/Nov/2018:18:03:12 +0800] "GET /test/xiaodou/msggetp.php?maxID=32 HTTP/1.1" 200 2
223.93.188.66 - - [27/Nov/2018:18:03:14 +0800] "GET /test/xiaodou/msggetp.php?maxID=31 HTTP/1.1" 200 108
112.10.130.170 - - [27/Nov/2018:18:03:14 +0800] "GET /test/xiaodou/msggetp.php?maxID=32 HTTP/1.1" 200 2
112.10.130.170 - - [27/Nov/2018:18:03:14 +0800] "GET /test/xiaodou/msggetp.php?maxID=32 HTTP/1.1" 200 2
223.93.188.66 - - [27/Nov/2018:18:03:16 +0800] "GET /test/xiaodou/msggetp.php?maxID=31 HTTP/1.1" 200 108
112.10.130.170 - - [27/Nov/2018:18:03:16 +0800] "GET /test/xiaodou/msggetp.php?maxID=32 HTTP/1.1" 200 2
112.10.130.170 - - [27/Nov/2018:18:03:16 +0800] "GET /test/xiaodou/msggetp.php?maxID=32 HTTP/1.1" 200 2
223.93.188.66 - - [27/Nov/2018:18:03:18 +0800] "GET /test/xiaodou/msggetp.php?maxID=31 HTTP/1.1" 200 108
112.10.130.170 - - [27/Nov/2018:18:03:18 +0800] "GET /test/xiaodou/msggetp.php?maxID=32 HTTP/1.1" 200 2
112.10.130.170 - - [27/Nov/2018:18:03:18 +0800] "GET /test/xiaodou/msggetp.php?maxID=32 HTTP/1.1" 200 2
223.93.188.66 - - [27/Nov/2018:18:03:20 +0800] "GET /test/xiaodou/msggetp.php?maxID=31 HTTP/1.1" 200 108
112.10.130.170 - - [27/Nov/2018:18:03:20 +0800] "GET /test/xiaodou/msggetp.php?maxID=32 HTTP/1.1" 200 2
112.10.130.170 - - [27/Nov/2018:18:03:20 +0800] "GET /test/xiaodou/msggetp.php?maxID=32 HTTP/1.1" 200 2
223.93.188.66 - - [27/Nov/2018:18:03:22 +0800] "GET /test/xiaodou/msggetp.php?maxID=31 HTTP/1.1" 200 108
112.10.130.170 - - [27/Nov/2018:18:03:22 +0800] "GET /test/xiaodou/msggetp.php?maxID=32 HTTP/1.1" 200 2
112.10.130.170 - - [27/Nov/2018:18:03:22 +0800] "GET /test/xiaodou/msggetp.php?maxID=32 HTTP/1.1" 200 2
223.93.188.66 - - [27/Nov/2018:18:03:24 +0800] "GET /test/xiaodou/msggetp.php?maxID=31 HTTP/1.1" 200 108
112.10.130.170 - - [27/Nov/2018:18:03:24 +0800] "GET /test/xiaodou/msggetp.php?maxID=32 HTTP/1.1" 200 2
112.10.130.170 - - [27/Nov/2018:18:03:24 +0800] "GET /test/xiaodou/msggetp.php?maxID=32 HTTP/1.1" 200 2
223.93.188.66 - - [27/Nov/2018:18:03:26 +0800] "GET /test/xiaodou/msggetp.php?maxID=31 HTTP/1.1" 200 108
112.10.130.170 - - [27/Nov/2018:18:03:26 +0800] "GET /test/xiaodou/msggetp.php?maxID=32 HTTP/1.1" 200 2
112.10.130.170 - - [27/Nov/2018:18:03:26 +0800] "GET /test/xiaodou/msggetp.php?maxID=32 HTTP/1.1" 200 2
223.93.188.66 - - [27/Nov/2018:18:03:28 +0800] "GET /test/xiaodou/msggetp.php?maxID=31 HTTP/1.1" 200 108
112.10.130.170 - - [27/Nov/2018:18:03:28 +0800] "GET /test/xiaodou/msggetp.php?maxID=32 HTTP/1.1" 200 2
112.10.130.170 - - [27/Nov/2018:18:03:28 +0800] "GET /test/xiaodou/msggetp.php?maxID=32 HTTP/1.1" 200 2
223.93.188.66 - - [27/Nov/2018:18:03:30 +0800] "GET /test/xiaodou/msggetp.php?maxID=31 HTTP/1.1" 200 108
112.10.130.170 - - [27/Nov/2018:18:03:30 +0800] "GET /test/xiaodou/msggetp.php?maxID=32 HTTP/1.1" 200 2
112.10.130.170 - - [27/Nov/2018:18:03:30 +0800] "GET /test/xiaodou/msggetp.php?maxID=32 HTTP/1.1" 200 2
223.93.188.66 - - [27/Nov/2018:18:03:32 +0800] "GET /test/xiaodou/msggetp.php?maxID=31 HTTP/1.1" 200 108
112.10.130.170 - - [27/Nov/2018:18:03:32 +0800] "GET /test/xiaodou/msggetp.php?maxID=32 HTTP/1.1" 200 2
112.10.130.170 - - [27/Nov/2018:18:03:32 +0800] "GET /test/xiaodou/msggetp.php?maxID=32 HTTP/1.1" 200 2
223.93.188.66 - - [27/Nov/2018:18:03:34 +0800] "GET /test/xiaodou/msggetp.php?maxID=31 HTTP/1.1" 200 108
112.10.130.170 - - [27/Nov/2018:18:03:34 +0800] "GET /test/xiaodou/msggetp.php?maxID=32 HTTP/1.1" 200 2
112.10.130.170 - - [27/Nov/2018:18:03:34 +0800] "GET /test/xiaodou/msggetp.php?maxID=32 HTTP/1.1" 200 2
223.93.188.66 - - [27/Nov/2018:18:03:36 +0800] "GET /test/xiaodou/msggetp.php?maxID=31 HTTP/1.1" 200 108
112.10.130.170 - - [27/Nov/2018:18:03:36 +0800] "GET /test/xiaodou/msggetp.php?maxID=32 HTTP/1.1" 200 2
112.10.130.170 - - [27/Nov/2018:18:03:36 +0800] "GET /test/xiaodou/msggetp.php?maxID=32 HTTP/1.1" 200 2
223.93.188.66 - - [27/Nov/2018:18:03:38 +0800] "GET /test/xiaodou/msggetp.php?maxID=31 HTTP/1.1" 200 108
112.10.130.170 - - [27/Nov/2018:18:03:38 +0800] "GET /test/xiaodou/msggetp.php?maxID=32 HTTP/1.1" 200 2
112.10.130.170 - - [27/Nov/2018:18:03:38 +0800] "GET /test/xiaodou/msggetp.php?maxID=32 HTTP/1.1" 200 2
223.93.188.66 - - [27/Nov/2018:18:03:40 +0800] "GET /test/xiaodou/msggetp.php?maxID=31 HTTP/1.1" 200 108
112.10.130.170 - - [27/Nov/2018:18:03:40 +0800] "GET /test/xiaodou/msggetp.php?maxID=32 HTTP/1.1" 200 2
112.10.130.170 - - [27/Nov/2018:18:03:40 +0800] "GET /test/xiaodou/msggetp.php?maxID=32 HTTP/1.1" 200 2
223.93.188.66 - - [27/Nov/2018:18:03:42 +0800] "GET /test/xiaodou/msggetp.php?maxID=31 HTTP/1.1" 200 108
112.10.130.170 - - [27/Nov/2018:18:03:42 +0800] "GET /test/xiaodou/msggetp.php?maxID=32 HTTP/1.1" 200 2
112.10.130.170 - - [27/Nov/2018:18:03:42 +0800] "GET /test/xiaodou/msggetp.php?maxID=32 HTTP/1.1" 200 2
223.93.188.66 - - [27/Nov/2018:18:03:44 +0800] "GET /test/xiaodou/msggetp.php?maxID=31 HTTP/1.1" 200 108
112.10.130.170 - - [27/Nov/2018:18:03:44 +0800] "GET /test/xiaodou/msggetp.php?maxID=32 HTTP/1.1" 200 2
112.10.130.170 - - [27/Nov/2018:18:03:44 +0800] "GET /test/xiaodou/msggetp.php?maxID=32 HTTP/1.1" 200 2
223.93.188.66 - - [27/Nov/2018:18:03:46 +0800] "GET /test/xiaodou/msggetp.php?maxID=31 HTTP/1.1" 200 108
112.10.130.170 - - [27/Nov/2018:18:03:46 +0800] "GET /test/xiaodou/msggetp.php?maxID=32 HTTP/1.1" 200 2
112.10.130.170 - - [27/Nov/2018:18:03:46 +0800] "GET /test/xiaodou/msggetp.php?maxID=32 HTTP/1.1" 200 2
223.93.188.66 - - [27/Nov/2018:18:03:48 +0800] "GET /test/xiaodou/msggetp.php?maxID=31 HTTP/1.1" 200 108
112.10.130.170 - - [27/Nov/2018:18:03:48 +0800] "GET /test/xiaodou/msggetp.php?maxID=32 HTTP/1.1" 200 2
112.10.130.170 - - [27/Nov/2018:18:03:48 +0800] "GET /test/xiaodou/msggetp.php?maxID=32 HTTP/1.1" 200 2
223.93.188.66 - - [27/Nov/2018:18:03:50 +0800] "GET /test/xiaodou/msggetp.php?maxID=31 HTTP/1.1" 200 108
112.10.130.170 - - [27/Nov/2018:18:03:50 +0800] "GET /test/xiaodou/msggetp.php?maxID=32 HTTP/1.1" 200 2
112.10.130.170 - - [27/Nov/2018:18:03:50 +0800] "GET /test/xiaodou/msggetp.php?maxID=32 HTTP/1.1" 200 2
223.93.188.66 - - [27/Nov/2018:18:03:51 +0800] "POST /test/xiaodou/msgsendp.php HTTP/1.1" 200 12
223.93.188.66 - - [27/Nov/2018:18:03:52 +0800] "GET /test/xiaodou/msggetp.php?maxID=31 HTTP/1.1" 200 173
112.10.130.170 - - [27/Nov/2018:18:03:52 +0800] "GET /test/xiaodou/msggetp.php?maxID=32 HTTP/1.1" 200 66
112.10.130.170 - - [27/Nov/2018:18:03:52 +0800] "GET /test/xiaodou/msggetp.php?maxID=32 HTTP/1.1" 200 66
223.93.188.66 - - [27/Nov/2018:18:03:54 +0800] "GET /test/xiaodou/msggetp.php?maxID=31 HTTP/1.1" 200 173
112.10.130.170 - - [27/Nov/2018:18:03:54 +0800] "GET /test/xiaodou/msggetp.php?maxID=33 HTTP/1.1" 200 2
112.10.130.170 - - [27/Nov/2018:18:03:54 +0800] "GET /test/xiaodou/msggetp.php?maxID=33 HTTP/1.1" 200 2
223.93.188.66 - - [27/Nov/2018:18:03:56 +0800] "GET /test/xiaodou/msggetp.php?maxID=31 HTTP/1.1" 200 173
112.10.130.170 - - [27/Nov/2018:18:03:56 +0800] "GET /test/xiaodou/msggetp.php?maxID=33 HTTP/1.1" 200 2
112.10.130.170 - - [27/Nov/2018:18:03:56 +0800] "GET /test/xiaodou/msggetp.php?maxID=33 HTTP/1.1" 200 2
223.93.188.66 - - [27/Nov/2018:18:03:58 +0800] "GET /test/xiaodou/msggetp.php?maxID=31 HTTP/1.1" 200 173
112.10.130.170 - - [27/Nov/2018:18:03:58 +0800] "GET /test/xiaodou/msggetp.php?maxID=33 HTTP/1.1" 200 2
112.10.130.170 - - [27/Nov/2018:18:03:58 +0800] "GET /test/xiaodou/msggetp.php?maxID=33 HTTP/1.1" 200 2
223.93.188.66 - - [27/Nov/2018:18:04:00 +0800] "GET /test/xiaodou/msggetp.php?maxID=31 HTTP/1.1" 200 173
112.10.130.170 - - [27/Nov/2018:18:04:00 +0800] "GET /test/xiaodou/msggetp.php?maxID=33 HTTP/1.1" 200 2
223.93.188.66 - - [27/Nov/2018:18:04:00 +0800] "POST /test/xiaodou/msgsendp.php HTTP/1.1" 200 12
223.93.188.66 - - [27/Nov/2018:18:04:00 +0800] "POST /test/xiaodou/msgsendp.php HTTP/1.1" 200 12
112.10.130.170 - - [27/Nov/2018:18:04:00 +0800] "GET /test/xiaodou/msggetp.php?maxID=33 HTTP/1.1" 200 131
223.93.188.66 - - [27/Nov/2018:18:04:01 +0800] "POST /test/xiaodou/msgsendp.php HTTP/1.1" 200 12
223.93.188.66 - - [27/Nov/2018:18:04:01 +0800] "POST /test/xiaodou/msgsendp.php HTTP/1.1" 200 12
223.93.188.66 - - [27/Nov/2018:18:04:01 +0800] "POST /test/xiaodou/msgsendp.php HTTP/1.1" 200 12
223.93.188.66 - - [27/Nov/2018:18:04:01 +0800] "GET /test/xiaodou/msggetp.php?maxID=31 HTTP/1.1" 200 823
223.93.188.66 - - [27/Nov/2018:18:04:01 +0800] "POST /test/xiaodou/msgsendp.php HTTP/1.1" 200 12
223.93.188.66 - - [27/Nov/2018:18:04:02 +0800] "POST /test/xiaodou/msgsendp.php HTTP/1.1" 200 12
223.93.188.66 - - [27/Nov/2018:18:04:02 +0800] "POST /test/xiaodou/msgsendp.php HTTP/1.1" 200 12
223.93.188.66 - - [27/Nov/2018:18:04:02 +0800] "POST /test/xiaodou/msgsendp.php HTTP/1.1" 200 12
223.93.188.66 - - [27/Nov/2018:18:04:02 +0800] "POST /test/xiaodou/msgsendp.php HTTP/1.1" 200 12
223.93.188.66 - - [27/Nov/2018:18:04:02 +0800] "POST /test/xiaodou/msgsendp.php HTTP/1.1" 200 12
112.10.130.170 - - [27/Nov/2018:18:04:02 +0800] "GET /test/xiaodou/msggetp.php?maxID=33 HTTP/1.1" 200 716
223.93.188.66 - - [27/Nov/2018:18:04:02 +0800] "POST /test/xiaodou/msgsendp.php HTTP/1.1" 200 12
223.93.188.66 - - [27/Nov/2018:18:04:02 +0800] "POST /test/xiaodou/msgsendp.php HTTP/1.1" 200 12
112.10.130.170 - - [27/Nov/2018:18:04:02 +0800] "GET /test/xiaodou/msggetp.php?maxID=35 HTTP/1.1" 200 716
223.93.188.66 - - [27/Nov/2018:18:04:04 +0800] "GET /test/xiaodou/msggetp.php?maxID=31 HTTP/1.1" 200 1018
112.10.130.170 - - [27/Nov/2018:18:04:04 +0800] "GET /test/xiaodou/msggetp.php?maxID=44 HTTP/1.1" 200 131
112.10.130.170 - - [27/Nov/2018:18:04:04 +0800] "GET /test/xiaodou/msggetp.php?maxID=46 HTTP/1.1" 200 2
223.93.188.66 - - [27/Nov/2018:18:04:06 +0800] "GET /test/xiaodou/msggetp.php?maxID=31 HTTP/1.1" 200 1018
112.10.130.170 - - [27/Nov/2018:18:04:06 +0800] "GET /test/xiaodou/msggetp.php?maxID=46 HTTP/1.1" 200 2
223.93.188.66 - - [27/Nov/2018:18:04:06 +0800] "POST /test/xiaodou/msgsendp.php HTTP/1.1" 200 12
112.10.130.170 - - [27/Nov/2018:18:04:06 +0800] "GET /test/xiaodou/msggetp.php?maxID=46 HTTP/1.1" 200 66
223.93.188.66 - - [27/Nov/2018:18:04:07 +0800] "POST /test/xiaodou/msgsendp.php HTTP/1.1" 200 12
223.93.188.66 - - [27/Nov/2018:18:04:08 +0800] "GET /test/xiaodou/msggetp.php?maxID=31 HTTP/1.1" 200 1148
112.10.130.170 - - [27/Nov/2018:18:04:08 +0800] "GET /test/xiaodou/msggetp.php?maxID=46 HTTP/1.1" 200 131
223.93.188.66 - - [27/Nov/2018:18:04:08 +0800] "POST /test/xiaodou/msgsendp.php HTTP/1.1" 200 12
112.10.130.170 - - [27/Nov/2018:18:04:08 +0800] "GET /test/xiaodou/msggetp.php?maxID=47 HTTP/1.1" 200 131
223.93.188.66 - - [27/Nov/2018:18:04:08 +0800] "POST /test/xiaodou/msgsendp.php HTTP/1.1" 200 12
223.93.188.66 - - [27/Nov/2018:18:04:09 +0800] "POST /test/xiaodou/msgsendp.php HTTP/1.1" 200 12
223.93.188.66 - - [27/Nov/2018:18:04:10 +0800] "GET /test/xiaodou/msggetp.php?maxID=31 HTTP/1.1" 200 1343
112.10.130.170 - - [27/Nov/2018:18:04:10 +0800] "GET /test/xiaodou/msggetp.php?maxID=48 HTTP/1.1" 200 196
112.10.130.170 - - [27/Nov/2018:18:04:10 +0800] "GET /test/xiaodou/msggetp.php?maxID=49 HTTP/1.1" 200 131
223.93.188.66 - - [27/Nov/2018:18:04:10 +0800] "POST /test/xiaodou/msgsendp.php HTTP/1.1" 200 12
223.93.188.66 - - [27/Nov/2018:18:04:12 +0800] "GET /test/xiaodou/msggetp.php?maxID=31 HTTP/1.1" 200 1408
112.10.130.170 - - [27/Nov/2018:18:04:12 +0800] "GET /test/xiaodou/msggetp.php?maxID=51 HTTP/1.1" 200 66
