112.10.180.237 - - [27/Nov/2018:18:27:20 +0800] "GET /test/xiaodou/msggetp.php?maxID=61 HTTP/1.1" 200 133
112.10.130.170 - - [27/Nov/2018:18:27:21 +0800] "GET /test/xiaodou/msggetp.php?maxID=62 HTTP/1.1" 200 2
112.10.130.170 - - [27/Nov/2018:18:27:21 +0800] "GET /test/xiaodou/msggetp.php?maxID=62 HTTP/1.1" 200 2
112.10.180.237 - - [27/Nov/2018:18:27:22 +0800] "GET /test/xiaodou/msggetp.php?maxID=61 HTTP/1.1" 200 133
112.10.130.170 - - [27/Nov/2018:18:27:23 +0800] "GET /test/xiaodou/msggetp.php?maxID=62 HTTP/1.1" 200 2
112.10.130.170 - - [27/Nov/2018:18:27:23 +0800] "GET /test/xiaodou/msggetp.php?maxID=62 HTTP/1.1" 200 2
112.10.180.237 - - [27/Nov/2018:18:27:24 +0800] "GET /test/xiaodou/msggetp.php?maxID=61 HTTP/1.1" 200 133
112.10.130.170 - - [27/Nov/2018:18:27:25 +0800] "GET /test/xiaodou/msggetp.php?maxID=62 HTTP/1.1" 200 2
112.10.130.170 - - [27/Nov/2018:18:27:25 +0800] "GET /test/xiaodou/msggetp.php?maxID=62 HTTP/1.1" 200 2
112.10.180.237 - - [27/Nov/2018:18:27:26 +0800] "GET /test/xiaodou/msggetp.php?maxID=61 HTTP/1.1" 200 133
112.10.130.170 - - [27/Nov/2018:18:27:27 +0800] "GET /test/xiaodou/msggetp.php?maxID=62 HTTP/1.1" 200 2
112.10.130.170 - - [27/Nov/2018:18:27:27 +0800] "GET /test/xiaodou/msggetp.php?maxID=62 HTTP/1.1" 200 2
112.10.180.237 - - [27/Nov/2018:18:27:28 +0800] "GET /test/xiaodou/msggetp.php?maxID=61 HTTP/1.1" 200 133
112.10.130.170 - - [27/Nov/2018:18:27:29 +0800] "GET /test/xiaodou/msggetp.php?maxID=62 HTTP/1.1" 200 2
112.10.130.170 - - [27/Nov/2018:18:27:29 +0800] "GET /test/xiaodou/msggetp.php?maxID=62 HTTP/1.1" 200 2
112.10.180.237 - - [27/Nov/2018:18:27:30 +0800] "GET /test/xiaodou/msggetp.php?maxID=61 HTTP/1.1" 200 133
112.10.130.170 - - [27/Nov/2018:18:27:31 +0800] "GET /test/xiaodou/msggetp.php?maxID=62 HTTP/1.1" 200 2
112.10.130.170 - - [27/Nov/2018:18:27:31 +0800] "GET /test/xiaodou/msggetp.php?maxID=62 HTTP/1.1" 200 2
112.10.180.237 - - [27/Nov/2018:18:27:32 +0800] "GET /test/xiaodou/msggetp.php?maxID=61 HTTP/1.1" 200 133
112.10.130.170 - - [27/Nov/2018:18:27:33 +0800] "GET /test/xiaodou/msggetp.php?maxID=62 HTTP/1.1" 200 2
112.10.130.170 - - [27/Nov/2018:18:27:33 +0800] "GET /test/xiaodou/msggetp.php?maxID=62 HTTP/1.1" 200 2
112.10.180.237 - - [27/Nov/2018:18:27:34 +0800] "GET /test/xiaodou/msggetp.php?maxID=61 HTTP/1.1" 200 133
112.10.130.170 - - [27/Nov/2018:18:27:35 +0800] "GET /test/xiaodou/msggetp.php?maxID=62 HTTP/1.1" 200 2
112.10.130.170 - - [27/Nov/2018:18:27:35 +0800] "GET /test/xiaodou/msggetp.php?maxID=62 HTTP/1.1" 200 2
112.10.180.237 - - [27/Nov/2018:18:27:36 +0800] "GET /test/xiaodou/msggetp.php?maxID=61 HTTP/1.1" 200 133
112.10.130.170 - - [27/Nov/2018:18:27:37 +0800] "GET /test/xiaodou/msggetp.php?maxID=62 HTTP/1.1" 200 2
112.10.130.170 - - [27/Nov/2018:18:27:37 +0800] "GET /test/xiaodou/msggetp.php?maxID=62 HTTP/1.1" 200 2
112.10.180.237 - - [27/Nov/2018:18:27:38 +0800] "GET /test/xiaodou/msggetp.php?maxID=61 HTTP/1.1" 200 133
112.10.130.170 - - [27/Nov/2018:18:27:39 +0800] "GET /test/xiaodou/msggetp.php?maxID=62 HTTP/1.1" 200 2
112.10.130.170 - - [27/Nov/2018:18:27:39 +0800] "GET /test/xiaodou/msggetp.php?maxID=62 HTTP/1.1" 200 2
112.10.180.237 - - [27/Nov/2018:18:27:40 +0800] "GET /test/xiaodou/msggetp.php?maxID=61 HTTP/1.1" 200 133
112.10.130.170 - - [27/Nov/2018:18:27:41 +0800] "GET /test/xiaodou/msggetp.php?maxID=62 HTTP/1.1" 200 2
112.10.130.170 - - [27/Nov/2018:18:27:41 +0800] "GET /test/xiaodou/msggetp.php?maxID=62 HTTP/1.1" 200 2
112.10.180.237 - - [27/Nov/2018:18:27:42 +0800] "GET /test/xiaodou/msggetp.php?maxID=61 HTTP/1.1" 200 133
112.10.130.170 - - [27/Nov/2018:18:27:43 +0800] "GET /test/xiaodou/msggetp.php?maxID=62 HTTP/1.1" 200 2
112.10.130.170 - - [27/Nov/2018:18:27:43 +0800] "GET /test/xiaodou/msggetp.php?maxID=62 HTTP/1.1" 200 2
112.10.180.237 - - [27/Nov/2018:18:27:44 +0800] "GET /test/xiaodou/msggetp.php?maxID=61 HTTP/1.1" 200 133
112.10.130.170 - - [27/Nov/2018:18:27:45 +0800] "GET /test/xiaodou/msggetp.php?maxID=62 HTTP/1.1" 200 2
112.10.130.170 - - [27/Nov/2018:18:27:45 +0800] "GET /test/xiaodou/msggetp.php?maxID=62 HTTP/1.1" 200 2
112.10.180.237 - - [27/Nov/2018:18:27:46 +0800] "GET /test/xiaodou/msggetp.php?maxID=61 HTTP/1.1" 200 133
112.10.130.170 - - [27/Nov/2018:18:27:47 +0800] "GET /test/xiaodou/msggetp.php?maxID=62 HTTP/1.1" 200 2
112.10.130.170 - - [27/Nov/2018:18:27:47 +0800] "GET /test/xiaodou/msggetp.php?maxID=62 HTTP/1.1" 200 2
112.10.180.237 - - [27/Nov/2018:18:27:48 +0800] "GET /test/xiaodou/msggetp.php?maxID=61 HTTP/1.1" 200 133
112.10.130.170 - - [27/Nov/2018:18:27:49 +0800] "GET /test/xiaodou/msggetp.php?maxID=62 HTTP/1.1" 200 2
112.10.130.170 - - [27/Nov/2018:18:27:49 +0800] "GET /test/xiaodou/msggetp.php?maxID=62 HTTP/1.1" 200 2
112.10.180.237 - - [27/Nov/2018:18:27:50 +0800] "GET /test/xiaodou/msggetp.php?maxID=61 HTTP/1.1" 200 133
112.10.130.170 - - [27/Nov/2018:18:27:51 +0800] "GET /test/xiaodou/msggetp.php?maxID=62 HTTP/1.1" 200 2
112.10.130.170 - - [27/Nov/2018:18:27:51 +0800] "GET /test/xiaodou/msggetp.php?maxID=62 HTTP/1.1" 200 2
112.10.180.237 - - [27/Nov/2018:18:27:52 +0800] "GET /test/xiaodou/msggetp.php?maxID=61 HTTP/1.1" 200 133
112.10.130.170 - - [27/Nov/2018:18:27:53 +0800] "GET /test/xiaodou/msggetp.php?maxID=62 HTTP/1.1" 200 2
112.10.130.170 - - [27/Nov/2018:18:27:53 +0800] "GET /test/xiaodou/msggetp.php?maxID=62 HTTP/1.1" 200 2
112.10.180.237 - - [27/Nov/2018:18:27:54 +0800] "GET /test/xiaodou/msggetp.php?maxID=61 HTTP/1.1" 200 133
112.10.130.170 - - [27/Nov/2018:18:27:55 +0800] "GET /test/xiaodou/msggetp.php?maxID=62 HTTP/1.1" 200 2
112.10.130.170 - - [27/Nov/2018:18:27:55 +0800] "GET /test/xiaodou/msggetp.php?maxID=62 HTTP/1.1" 200 2
112.10.180.237 - - [27/Nov/2018:18:27:56 +0800] "GET /test/xiaodou/msggetp.php?maxID=61 HTTP/1.1" 200 133
112.10.130.170 - - [27/Nov/2018:18:27:57 +0800] "GET /test/xiaodou/msggetp.php?maxID=62 HTTP/1.1" 200 2
112.10.130.170 - - [27/Nov/2018:18:27:57 +0800] "GET /test/xiaodou/msggetp.php?maxID=62 HTTP/1.1" 200 2
112.10.180.237 - - [27/Nov/2018:18:27:58 +0800] "GET /test/xiaodou/msggetp.php?maxID=61 HTTP/1.1" 200 133
112.10.130.170 - - [27/Nov/2018:18:27:59 +0800] "GET /test/xiaodou/msggetp.php?maxID=62 HTTP/1.1" 200 2
112.10.130.170 - - [27/Nov/2018:18:27:59 +0800] "GET /test/xiaodou/msggetp.php?maxID=62 HTTP/1.1" 200 2
112.10.180.237 - - [27/Nov/2018:18:28:00 +0800] "GET /test/xiaodou/msggetp.php?maxID=61 HTTP/1.1" 200 133
112.10.130.170 - - [27/Nov/2018:18:28:01 +0800] "GET /test/xiaodou/msggetp.php?maxID=62 HTTP/1.1" 200 2
112.10.130.170 - - [27/Nov/2018:18:28:01 +0800] "GET /test/xiaodou/msggetp.php?maxID=62 HTTP/1.1" 200 2
112.10.180.237 - - [27/Nov/2018:18:28:02 +0800] "GET /test/xiaodou/msggetp.php?maxID=61 HTTP/1.1" 200 133
112.10.130.170 - - [27/Nov/2018:18:28:03 +0800] "GET /test/xiaodou/msggetp.php?maxID=62 HTTP/1.1" 200 2
112.10.130.170 - - [27/Nov/2018:18:28:03 +0800] "GET /test/xiaodou/msggetp.php?maxID=62 HTTP/1.1" 200 2
112.10.180.237 - - [27/Nov/2018:18:28:04 +0800] "GET /test/xiaodou/msggetp.php?maxID=61 HTTP/1.1" 200 133
112.10.130.170 - - [27/Nov/2018:18:28:05 +0800] "GET /test/xiaodou/msggetp.php?maxID=62 HTTP/1.1" 200 2
112.10.130.170 - - [27/Nov/2018:18:28:05 +0800] "GET /test/xiaodou/msggetp.php?maxID=62 HTTP/1.1" 200 2
112.10.180.237 - - [27/Nov/2018:18:28:06 +0800] "GET /test/xiaodou/msggetp.php?maxID=61 HTTP/1.1" 200 133
112.10.130.170 - - [27/Nov/2018:18:28:07 +0800] "GET /test/xiaodou/msggetp.php?maxID=62 HTTP/1.1" 200 2
112.10.130.170 - - [27/Nov/2018:18:28:07 +0800] "GET /test/xiaodou/msggetp.php?maxID=62 HTTP/1.1" 200 2
112.10.180.237 - - [27/Nov/2018:18:28:08 +0800] "GET /test/xiaodou/msggetp.php?maxID=61 HTTP/1.1" 200 133
112.10.130.170 - - [27/Nov/2018:18:28:09 +0800] "GET /test/xiaodou/msggetp.php?maxID=62 HTTP/1.1" 200 2
112.10.130.170 - - [27/Nov/2018:18:28:09 +0800] "GET /test/xiaodou/msggetp.php?maxID=62 HTTP/1.1" 200 2
112.10.180.237 - - [27/Nov/2018:18:28:10 +0800] "GET /test/xiaodou/msggetp.php?maxID=61 HTTP/1.1" 200 133
112.10.130.170 - - [27/Nov/2018:18:28:11 +0800] "GET /test/xiaodou/msggetp.php?maxID=62 HTTP/1.1" 200 2
112.10.130.170 - - [27/Nov/2018:18:28:11 +0800] "GET /test/xiaodou/msggetp.php?maxID=62 HTTP/1.1" 200 2
112.10.180.237 - - [27/Nov/2018:18:28:12 +0800] "GET /test/xiaodou/msggetp.php?maxID=61 HTTP/1.1" 200 133
112.10.130.170 - - [27/Nov/2018:18:28:13 +0800] "GET /test/xiaodou/msggetp.php?maxID=62 HTTP/1.1" 200 2
112.10.130.170 - - [27/Nov/2018:18:28:13 +0800] "GET /test/xiaodou/msggetp.php?maxID=62 HTTP/1.1" 200 2
112.10.180.237 - - [27/Nov/2018:18:28:14 +0800] "GET /test/xiaodou/msggetp.php?maxID=61 HTTP/1.1" 200 133
112.10.130.170 - - [27/Nov/2018:18:28:15 +0800] "GET /test/xiaodou/msggetp.php?maxID=62 HTTP/1.1" 200 2
112.10.130.170 - - [27/Nov/2018:18:28:15 +0800] "GET /test/xiaodou/msggetp.php?maxID=62 HTTP/1.1" 200 2
112.10.180.237 - - [27/Nov/2018:18:28:16 +0800] "GET /test/xiaodou/msggetp.php?maxID=61 HTTP/1.1" 200 133
112.10.130.170 - - [27/Nov/2018:18:28:17 +0800] "GET /test/xiaodou/msggetp.php?maxID=62 HTTP/1.1" 200 2
112.10.130.170 - - [27/Nov/2018:18:28:17 +0800] "GET /test/xiaodou/msggetp.php?maxID=62 HTTP/1.1" 200 2
112.10.180.237 - - [27/Nov/2018:18:28:18 +0800] "GET /test/xiaodou/msggetp.php?maxID=61 HTTP/1.1" 200 133
112.10.130.170 - - [27/Nov/2018:18:28:19 +0800] "GET /test/xiaodou/msggetp.php?maxID=62 HTTP/1.1" 200 2
112.10.130.170 - - [27/Nov/2018:18:28:19 +0800] "GET /test/xiaodou/msggetp.php?maxID=62 HTTP/1.1" 200 2
112.10.180.237 - - [27/Nov/2018:18:28:20 +0800] "GET /test/xiaodou/msggetp.php?maxID=61 HTTP/1.1" 200 133
112.10.130.170 - - [27/Nov/2018:18:28:21 +0800] "GET /test/xiaodou/msggetp.php?maxID=62 HTTP/1.1" 200 2
112.10.130.170 - - [27/Nov/2018:18:28:21 +0800] "GET /test/xiaodou/msggetp.php?maxID=62 HTTP/1.1" 200 2
112.10.180.237 - - [27/Nov/2018:18:28:22 +0800] "GET /test/xiaodou/msggetp.php?maxID=61 HTTP/1.1" 200 133
112.10.130.170 - - [27/Nov/2018:18:28:23 +0800] "GET /test/xiaodou/msggetp.php?maxID=62 HTTP/1.1" 200 2
112.10.130.170 - - [27/Nov/2018:18:28:23 +0800] "GET /test/xiaodou/msggetp.php?maxID=62 HTTP/1.1" 200 2
112.10.180.237 - - [27/Nov/2018:18:28:24 +0800] "GET /test/xiaodou/msggetp.php?maxID=61 HTTP/1.1" 200 133
112.10.130.170 - - [27/Nov/2018:18:28:25 +0800] "GET /test/xiaodou/msggetp.php?maxID=62 HTTP/1.1" 200 2
112.10.130.170 - - [27/Nov/2018:18:28:25 +0800] "GET /test/xiaodou/msggetp.php?maxID=62 HTTP/1.1" 200 2
112.10.180.237 - - [27/Nov/2018:18:28:26 +0800] "GET /test/xiaodou/msggetp.php?maxID=61 HTTP/1.1" 200 133
112.10.130.170 - - [27/Nov/2018:18:28:27 +0800] "GET /test/xiaodou/msggetp.php?maxID=62 HTTP/1.1" 200 2
112.10.130.170 - - [27/Nov/2018:18:28:27 +0800] "GET /test/xiaodou/msggetp.php?maxID=62 HTTP/1.1" 200 2
112.10.180.237 - - [27/Nov/2018:18:28:28 +0800] "GET /test/xiaodou/msggetp.php?maxID=61 HTTP/1.1" 200 133
112.10.130.170 - - [27/Nov/2018:18:28:29 +0800] "GET /test/xiaodou/msggetp.php?maxID=62 HTTP/1.1" 200 2
112.10.130.170 - - [27/Nov/2018:18:28:29 +0800] "GET /test/xiaodou/msggetp.php?maxID=62 HTTP/1.1" 200 2
112.10.180.237 - - [27/Nov/2018:18:28:30 +0800] "GET /test/xiaodou/msggetp.php?maxID=61 HTTP/1.1" 200 133
112.10.130.170 - - [27/Nov/2018:18:28:31 +0800] "GET /test/xiaodou/msggetp.php?maxID=62 HTTP/1.1" 200 2
112.10.130.170 - - [27/Nov/2018:18:28:31 +0800] "GET /test/xiaodou/msggetp.php?maxID=62 HTTP/1.1" 200 2
112.10.180.237 - - [27/Nov/2018:18:28:32 +0800] "GET /test/xiaodou/msggetp.php?maxID=61 HTTP/1.1" 200 133
112.10.130.170 - - [27/Nov/2018:18:28:33 +0800] "GET /test/xiaodou/msggetp.php?maxID=62 HTTP/1.1" 200 2
112.10.130.170 - - [27/Nov/2018:18:28:33 +0800] "GET /test/xiaodou/msggetp.php?maxID=62 HTTP/1.1" 200 2
112.10.180.237 - - [27/Nov/2018:18:28:34 +0800] "GET /test/xiaodou/msggetp.php?maxID=61 HTTP/1.1" 200 133
112.10.130.170 - - [27/Nov/2018:18:28:35 +0800] "GET /test/xiaodou/msggetp.php?maxID=62 HTTP/1.1" 200 2
112.10.130.170 - - [27/Nov/2018:18:28:35 +0800] "GET /test/xiaodou/msggetp.php?maxID=62 HTTP/1.1" 200 2
112.10.180.237 - - [27/Nov/2018:18:28:36 +0800] "GET /test/xiaodou/msggetp.php?maxID=61 HTTP/1.1" 200 133
112.10.130.170 - - [27/Nov/2018:18:28:37 +0800] "GET /test/xiaodou/msggetp.php?maxID=62 HTTP/1.1" 200 2
112.10.130.170 - - [27/Nov/2018:18:28:37 +0800] "GET /test/xiaodou/msggetp.php?maxID=62 HTTP/1.1" 200 2
112.10.180.237 - - [27/Nov/2018:18:28:38 +0800] "GET /test/xiaodou/msggetp.php?maxID=61 HTTP/1.1" 200 133
112.10.130.170 - - [27/Nov/2018:18:28:39 +0800] "GET /test/xiaodou/msggetp.php?maxID=62 HTTP/1.1" 200 2
112.10.130.170 - - [27/Nov/2018:18:28:39 +0800] "GET /test/xiaodou/msggetp.php?maxID=62 HTTP/1.1" 200 2
112.10.180.237 - - [27/Nov/2018:18:28:40 +0800] "GET /test/xiaodou/msggetp.php?maxID=61 HTTP/1.1" 200 133
112.10.130.170 - - [27/Nov/2018:18:28:41 +0800] "GET /test/xiaodou/msggetp.php?maxID=62 HTTP/1.1" 200 2
112.10.130.170 - - [27/Nov/2018:18:28:41 +0800] "GET /test/xiaodou/msggetp.php?maxID=62 HTTP/1.1" 200 2
112.10.180.237 - - [27/Nov/2018:18:28:42 +0800] "GET /test/xiaodou/msggetp.php?maxID=61 HTTP/1.1" 200 133
112.10.130.170 - - [27/Nov/2018:18:28:43 +0800] "GET /test/xiaodou/msggetp.php?maxID=62 HTTP/1.1" 200 2
112.10.130.170 - - [27/Nov/2018:18:28:43 +0800] "GET /test/xiaodou/msggetp.php?maxID=62 HTTP/1.1" 200 2
112.10.180.237 - - [27/Nov/2018:18:28:44 +0800] "GET /test/xiaodou/msggetp.php?maxID=61 HTTP/1.1" 200 133
112.10.130.170 - - [27/Nov/2018:18:28:45 +0800] "GET /test/xiaodou/msggetp.php?maxID=62 HTTP/1.1" 200 2
112.10.130.170 - - [27/Nov/2018:18:28:45 +0800] "GET /test/xiaodou/msggetp.php?maxID=62 HTTP/1.1" 200 2
112.10.180.237 - - [27/Nov/2018:18:28:46 +0800] "GET /test/xiaodou/msggetp.php?maxID=61 HTTP/1.1" 200 133
112.10.130.170 - - [27/Nov/2018:18:28:47 +0800] "GET /test/xiaodou/msggetp.php?maxID=62 HTTP/1.1" 200 2
112.10.130.170 - - [27/Nov/2018:18:28:47 +0800] "GET /test/xiaodou/msggetp.php?maxID=62 HTTP/1.1" 200 2
112.10.180.237 - - [27/Nov/2018:18:28:48 +0800] "GET /test/xiaodou/msggetp.php?maxID=61 HTTP/1.1" 200 133
112.10.130.170 - - [27/Nov/2018:18:28:49 +0800] "GET /test/xiaodou/msggetp.php?maxID=62 HTTP/1.1" 200 2
112.10.130.170 - - [27/Nov/2018:18:28:49 +0800] "GET /test/xiaodou/msggetp.php?maxID=62 HTTP/1.1" 200 2
112.10.180.237 - - [27/Nov/2018:18:28:50 +0800] "GET /test/xiaodou/msggetp.php?maxID=61 HTTP/1.1" 200 133
112.10.130.170 - - [27/Nov/2018:18:28:51 +0800] "GET /test/xiaodou/msggetp.php?maxID=62 HTTP/1.1" 200 2
112.10.130.170 - - [27/Nov/2018:18:28:51 +0800] "GET /test/xiaodou/msggetp.php?maxID=62 HTTP/1.1" 200 2
112.10.180.237 - - [27/Nov/2018:18:28:52 +0800] "GET /test/xiaodou/msggetp.php?maxID=61 HTTP/1.1" 200 133
112.10.130.170 - - [27/Nov/2018:18:28:53 +0800] "GET /test/xiaodou/msggetp.php?maxID=62 HTTP/1.1" 200 2
112.10.130.170 - - [27/Nov/2018:18:28:53 +0800] "GET /test/xiaodou/msggetp.php?maxID=62 HTTP/1.1" 200 2
112.10.180.237 - - [27/Nov/2018:18:28:54 +0800] "GET /test/xiaodou/msggetp.php?maxID=61 HTTP/1.1" 200 133
112.10.130.170 - - [27/Nov/2018:18:28:55 +0800] "GET /test/xiaodou/msggetp.php?maxID=62 HTTP/1.1" 200 2
112.10.130.170 - - [27/Nov/2018:18:28:55 +0800] "GET /test/xiaodou/msggetp.php?maxID=62 HTTP/1.1" 200 2
112.10.180.237 - - [27/Nov/2018:18:28:56 +0800] "GET /test/xiaodou/msggetp.php?maxID=61 HTTP/1.1" 200 133
112.10.130.170 - - [27/Nov/2018:18:28:57 +0800] "GET /test/xiaodou/msggetp.php?maxID=62 HTTP/1.1" 200 2
112.10.130.170 - - [27/Nov/2018:18:28:57 +0800] "GET /test/xiaodou/msggetp.php?maxID=62 HTTP/1.1" 200 2
112.10.180.237 - - [27/Nov/2018:18:28:58 +0800] "GET /test/xiaodou/msggetp.php?maxID=61 HTTP/1.1" 200 133
112.10.130.170 - - [27/Nov/2018:18:28:59 +0800] "GET /test/xiaodou/msggetp.php?maxID=62 HTTP/1.1" 200 2
112.10.130.170 - - [27/Nov/2018:18:28:59 +0800] "GET /test/xiaodou/msggetp.php?maxID=62 HTTP/1.1" 200 2
112.10.180.237 - - [27/Nov/2018:18:29:00 +0800] "GET /test/xiaodou/msggetp.php?maxID=61 HTTP/1.1" 200 133
112.10.130.170 - - [27/Nov/2018:18:29:01 +0800] "GET /test/xiaodou/msggetp.php?maxID=62 HTTP/1.1" 200 2
112.10.130.170 - - [27/Nov/2018:18:29:01 +0800] "GET /test/xiaodou/msggetp.php?maxID=62 HTTP/1.1" 200 2
112.10.180.237 - - [27/Nov/2018:18:29:02 +0800] "GET /test/xiaodou/msggetp.php?maxID=61 HTTP/1.1" 200 133
112.10.130.170 - - [27/Nov/2018:18:29:03 +0800] "GET /test/xiaodou/msggetp.php?maxID=62 HTTP/1.1" 200 2
112.10.130.170 - - [27/Nov/2018:18:29:03 +0800] "GET /test/xiaodou/msggetp.php?maxID=62 HTTP/1.1" 200 2
112.10.180.237 - - [27/Nov/2018:18:29:04 +0800] "GET /test/xiaodou/msggetp.php?maxID=61 HTTP/1.1" 200 133
112.10.130.170 - - [27/Nov/2018:18:29:05 +0800] "GET /test/xiaodou/msggetp.php?maxID=62 HTTP/1.1" 200 2
112.10.130.170 - - [27/Nov/2018:18:29:05 +0800] "GET /test/xiaodou/msggetp.php?maxID=62 HTTP/1.1" 200 2
112.10.180.237 - - [27/Nov/2018:18:29:06 +0800] "GET /test/xiaodou/msggetp.php?maxID=61 HTTP/1.1" 200 133
112.10.130.170 - - [27/Nov/2018:18:29:07 +0800] "GET /test/xiaodou/msggetp.php?maxID=62 HTTP/1.1" 200 2
112.10.130.170 - - [27/Nov/2018:18:29:07 +0800] "GET /test/xiaodou/msggetp.php?maxID=62 HTTP/1.1" 200 2
112.10.180.237 - - [27/Nov/2018:18:29:08 +0800] "GET /test/xiaodou/msggetp.php?maxID=61 HTTP/1.1" 200 133
112.10.130.170 - - [27/Nov/2018:18:29:09 +0800] "GET /test/xiaodou/msggetp.php?maxID=62 HTTP/1.1" 200 2
112.10.130.170 - - [27/Nov/2018:18:29:09 +0800] "GET /test/xiaodou/msggetp.php?maxID=62 HTTP/1.1" 200 2
112.10.180.237 - - [27/Nov/2018:18:29:10 +0800] "GET /test/xiaodou/msggetp.php?maxID=61 HTTP/1.1" 200 133
112.10.130.170 - - [27/Nov/2018:18:29:11 +0800] "GET /test/xiaodou/msggetp.php?maxID=62 HTTP/1.1" 200 2
112.10.130.170 - - [27/Nov/2018:18:29:11 +0800] "GET /test/xiaodou/msggetp.php?maxID=62 HTTP/1.1" 200 2
112.10.180.237 - - [27/Nov/2018:18:29:12 +0800] "GET /test/xiaodou/msggetp.php?maxID=61 HTTP/1.1" 200 133
112.10.130.170 - - [27/Nov/2018:18:29:13 +0800] "GET /test/xiaodou/msggetp.php?maxID=62 HTTP/1.1" 200 2
112.10.130.170 - - [27/Nov/2018:18:29:13 +0800] "GET /test/xiaodou/msggetp.php?maxID=62 HTTP/1.1" 200 2
112.10.180.237 - - [27/Nov/2018:18:29:14 +0800] "GET /test/xiaodou/msggetp.php?maxID=61 HTTP/1.1" 200 133
112.10.130.170 - - [27/Nov/2018:18:29:15 +0800] "GET /test/xiaodou/msggetp.php?maxID=62 HTTP/1.1" 200 2
112.10.130.170 - - [27/Nov/2018:18:29:15 +0800] "GET /test/xiaodou/msggetp.php?maxID=62 HTTP/1.1" 200 2
112.10.180.237 - - [27/Nov/2018:18:29:16 +0800] "GET /test/xiaodou/msggetp.php?maxID=61 HTTP/1.1" 200 133
112.10.130.170 - - [27/Nov/2018:18:29:17 +0800] "GET /test/xiaodou/msggetp.php?maxID=62 HTTP/1.1" 200 2
112.10.130.170 - - [27/Nov/2018:18:29:17 +0800] "GET /test/xiaodou/msggetp.php?maxID=62 HTTP/1.1" 200 2
112.10.180.237 - - [27/Nov/2018:18:29:18 +0800] "GET /test/xiaodou/msggetp.php?maxID=61 HTTP/1.1" 200 133
112.10.130.170 - - [27/Nov/2018:18:29:19 +0800] "GET /test/xiaodou/msggetp.php?maxID=62 HTTP/1.1" 200 2
112.10.130.170 - - [27/Nov/2018:18:29:19 +0800] "GET /test/xiaodou/msggetp.php?maxID=62 HTTP/1.1" 200 2
112.10.180.237 - - [27/Nov/2018:18:29:20 +0800] "GET /test/xiaodou/msggetp.php?maxID=61 HTTP/1.1" 200 133
112.10.130.170 - - [27/Nov/2018:18:29:21 +0800] "GET /test/xiaodou/msggetp.php?maxID=62 HTTP/1.1" 200 2
112.10.130.170 - - [27/Nov/2018:18:29:21 +0800] "GET /test/xiaodou/msggetp.php?maxID=62 HTTP/1.1" 200 2
112.10.180.237 - - [27/Nov/2018:18:29:22 +0800] "GET /test/xiaodou/msggetp.php?maxID=61 HTTP/1.1" 200 133
112.10.130.170 - - [27/Nov/2018:18:29:23 +0800] "GET /test/xiaodou/msggetp.php?maxID=62 HTTP/1.1" 200 2
112.10.130.170 - - [27/Nov/2018:18:29:23 +0800] "GET /test/xiaodou/msggetp.php?maxID=62 HTTP/1.1" 200 2
112.10.180.237 - - [27/Nov/2018:18:29:24 +0800] "GET /test/xiaodou/msggetp.php?maxID=61 HTTP/1.1" 200 133
112.10.130.170 - - [27/Nov/2018:18:29:25 +0800] "GET /test/xiaodou/msggetp.php?maxID=62 HTTP/1.1" 200 2
112.10.130.170 - - [27/Nov/2018:18:29:25 +0800] "GET /test/xiaodou/msggetp.php?maxID=62 HTTP/1.1" 200 2
112.10.180.237 - - [27/Nov/2018:18:29:26 +0800] "GET /test/xiaodou/msggetp.php?maxID=61 HTTP/1.1" 200 133
112.10.130.170 - - [27/Nov/2018:18:29:27 +0800] "GET /test/xiaodou/msggetp.php?maxID=62 HTTP/1.1" 200 2
112.10.130.170 - - [27/Nov/2018:18:29:27 +0800] "GET /test/xiaodou/msggetp.php?maxID=62 HTTP/1.1" 200 2
112.10.180.237 - - [27/Nov/2018:18:29:28 +0800] "GET /test/xiaodou/msggetp.php?maxID=61 HTTP/1.1" 200 133
112.10.130.170 - - [27/Nov/2018:18:29:29 +0800] "GET /test/xiaodou/msggetp.php?maxID=62 HTTP/1.1" 200 2
112.10.130.170 - - [27/Nov/2018:18:29:29 +0800] "GET /test/xiaodou/msggetp.php?maxID=62 HTTP/1.1" 200 2
112.10.180.237 - - [27/Nov/2018:18:29:30 +0800] "GET /test/xiaodou/msggetp.php?maxID=61 HTTP/1.1" 200 133
112.10.130.170 - - [27/Nov/2018:18:29:31 +0800] "GET /test/xiaodou/msggetp.php?maxID=62 HTTP/1.1" 200 2
112.10.130.170 - - [27/Nov/2018:18:29:31 +0800] "GET /test/xiaodou/msggetp.php?maxID=62 HTTP/1.1" 200 2
112.10.180.237 - - [27/Nov/2018:18:29:32 +0800] "GET /test/xiaodou/msggetp.php?maxID=61 HTTP/1.1" 200 133
112.10.130.170 - - [27/Nov/2018:18:29:33 +0800] "GET /test/xiaodou/msggetp.php?maxID=62 HTTP/1.1" 200 2
112.10.130.170 - - [27/Nov/2018:18:29:33 +0800] "GET /test/xiaodou/msggetp.php?maxID=62 HTTP/1.1" 200 2
112.10.180.237 - - [27/Nov/2018:18:29:34 +0800] "GET /test/xiaodou/msggetp.php?maxID=61 HTTP/1.1" 200 133
112.10.130.170 - - [27/Nov/2018:18:29:35 +0800] "GET /test/xiaodou/msggetp.php?maxID=62 HTTP/1.1" 200 2
112.10.130.170 - - [27/Nov/2018:18:29:35 +0800] "GET /test/xiaodou/msggetp.php?maxID=62 HTTP/1.1" 200 2
112.10.180.237 - - [27/Nov/2018:18:29:36 +0800] "GET /test/xiaodou/msggetp.php?maxID=61 HTTP/1.1" 200 133
112.10.130.170 - - [27/Nov/2018:18:29:37 +0800] "GET /test/xiaodou/msggetp.php?maxID=62 HTTP/1.1" 200 2
112.10.130.170 - - [27/Nov/2018:18:29:37 +0800] "GET /test/xiaodou/msggetp.php?maxID=62 HTTP/1.1" 200 2
112.10.180.237 - - [27/Nov/2018:18:29:38 +0800] "GET /test/xiaodou/msggetp.php?maxID=61 HTTP/1.1" 200 133
112.10.130.170 - - [27/Nov/2018:18:29:39 +0800] "GET /test/xiaodou/msggetp.php?maxID=62 HTTP/1.1" 200 2
112.10.130.170 - - [27/Nov/2018:18:29:39 +0800] "GET /test/xiaodou/msggetp.php?maxID=62 HTTP/1.1" 200 2
112.10.180.237 - - [27/Nov/2018:18:29:40 +0800] "GET /test/xiaodou/msggetp.php?maxID=61 HTTP/1.1" 200 133
112.10.130.170 - - [27/Nov/2018:18:29:41 +0800] "GET /test/xiaodou/msggetp.php?maxID=62 HTTP/1.1" 200 2
112.10.130.170 - - [27/Nov/2018:18:29:41 +0800] "GET /test/xiaodou/msggetp.php?maxID=62 HTTP/1.1" 200 2
112.10.180.237 - - [27/Nov/2018:18:29:42 +0800] "GET /test/xiaodou/msggetp.php?maxID=61 HTTP/1.1" 200 133
112.10.130.170 - - [27/Nov/2018:18:29:43 +0800] "GET /test/xiaodou/msggetp.php?maxID=62 HTTP/1.1" 200 2
112.10.130.170 - - [27/Nov/2018:18:29:43 +0800] "GET /test/xiaodou/msggetp.php?maxID=62 HTTP/1.1" 200 2
112.10.180.237 - - [27/Nov/2018:18:29:44 +0800] "GET /test/xiaodou/msggetp.php?maxID=61 HTTP/1.1" 200 133
112.10.130.170 - - [27/Nov/2018:18:29:45 +0800] "GET /test/xiaodou/msggetp.php?maxID=62 HTTP/1.1" 200 2
112.10.130.170 - - [27/Nov/2018:18:29:45 +0800] "GET /test/xiaodou/msggetp.php?maxID=62 HTTP/1.1" 200 2
112.10.180.237 - - [27/Nov/2018:18:29:46 +0800] "GET /test/xiaodou/msggetp.php?maxID=61 HTTP/1.1" 200 133
112.10.130.170 - - [27/Nov/2018:18:29:47 +0800] "GET /test/xiaodou/msggetp.php?maxID=62 HTTP/1.1" 200 2
112.10.130.170 - - [27/Nov/2018:18:29:47 +0800] "GET /test/xiaodou/msggetp.php?maxID=62 HTTP/1.1" 200 2
112.10.180.237 - - [27/Nov/2018:18:29:48 +0800] "GET /test/xiaodou/msggetp.php?maxID=61 HTTP/1.1" 200 133
112.10.130.170 - - [27/Nov/2018:18:29:49 +0800] "GET /test/xiaodou/msggetp.php?maxID=62 HTTP/1.1" 200 2
112.10.130.170 - - [27/Nov/2018:18:29:49 +0800] "GET /test/xiaodou/msggetp.php?maxID=62 HTTP/1.1" 200 2
112.10.180.237 - - [27/Nov/2018:18:29:50 +0800] "GET /test/xiaodou/msggetp.php?maxID=61 HTTP/1.1" 200 133
112.10.130.170 - - [27/Nov/2018:18:29:51 +0800] "GET /test/xiaodou/msggetp.php?maxID=62 HTTP/1.1" 200 2
112.10.130.170 - - [27/Nov/2018:18:29:51 +0800] "GET /test/xiaodou/msggetp.php?maxID=62 HTTP/1.1" 200 2
112.10.180.237 - - [27/Nov/2018:18:29:52 +0800] "GET /test/xiaodou/msggetp.php?maxID=61 HTTP/1.1" 200 133
112.10.130.170 - - [27/Nov/2018:18:29:53 +0800] "GET /test/xiaodou/msggetp.php?maxID=62 HTTP/1.1" 200 2
112.10.130.170 - - [27/Nov/2018:18:29:53 +0800] "GET /test/xiaodou/msggetp.php?maxID=62 HTTP/1.1" 200 2
112.10.180.237 - - [27/Nov/2018:18:29:54 +0800] "GET /test/xiaodou/msggetp.php?maxID=61 HTTP/1.1" 200 133
112.10.130.170 - - [27/Nov/2018:18:29:55 +0800] "GET /test/xiaodou/msggetp.php?maxID=62 HTTP/1.1" 200 2
112.10.130.170 - - [27/Nov/2018:18:29:55 +0800] "GET /test/xiaodou/msggetp.php?maxID=62 HTTP/1.1" 200 2
112.10.180.237 - - [27/Nov/2018:18:29:56 +0800] "GET /test/xiaodou/msggetp.php?maxID=61 HTTP/1.1" 200 133
112.10.130.170 - - [27/Nov/2018:18:29:57 +0800] "GET /test/xiaodou/msggetp.php?maxID=62 HTTP/1.1" 200 2
112.10.130.170 - - [27/Nov/2018:18:29:57 +0800] "GET /test/xiaodou/msggetp.php?maxID=62 HTTP/1.1" 200 2
112.10.180.237 - - [27/Nov/2018:18:29:57 +0800] "GET /test/xiaodou/chat.html HTTP/1.1" 304 -
112.10.180.237 - - [27/Nov/2018:18:29:57 +0800] "GET /test/xiaodou/vendor/bootstrap/css/bootstrap.min.css HTTP/1.1" 200 140936
112.10.180.237 - - [27/Nov/2018:18:29:58 +0800] "GET /test/xiaodou/css/chat.css HTTP/1.1" 200 2091
112.10.180.237 - - [27/Nov/2018:18:29:58 +0800] "GET /test/xiaodou/css/grayscale.min.css HTTP/1.1" 200 8714
112.10.180.237 - - [27/Nov/2018:18:29:58 +0800] "GET /test/xiaodou/vendor/bootstrap/js/bootstrap.bundle.min.js HTTP/1.1" 200 70966
112.10.180.237 - - [27/Nov/2018:18:29:58 +0800] "GET /test/xiaodou/vendor/jquery/jquery.min.js HTTP/1.1" 200 86927
112.10.180.237 - - [27/Nov/2018:18:29:58 +0800] "GET /test/xiaodou/vendor/jquery-easing/jquery.easing.min.js HTTP/1.1" 200 2532
112.10.180.237 - - [27/Nov/2018:18:29:58 +0800] "GET /test/xiaodou/js/grayscale.min.js HTTP/1.1" 200 917
112.10.180.237 - - [27/Nov/2018:18:29:58 +0800] "GET /test/xiaodou/js/chat1.js HTTP/1.1" 200 2597
112.10.180.237 - - [27/Nov/2018:18:29:58 +0800] "GET /test/xiaodou/vendor/fontawesome-free/css/all.min.css HTTP/1.1" 200 48649
112.10.130.170 - - [27/Nov/2018:18:29:59 +0800] "GET /test/xiaodou/msggetp.php?maxID=62 HTTP/1.1" 200 2
112.10.130.170 - - [27/Nov/2018:18:29:59 +0800] "GET /test/xiaodou/msggetp.php?maxID=62 HTTP/1.1" 200 2
112.10.180.237 - - [27/Nov/2018:18:30:00 +0800] "GET /test/xiaodou/img/talk.jpg HTTP/1.1" 304 -
112.10.180.237 - - [27/Nov/2018:18:30:00 +0800] "GET /test/xiaodou/img/bg-masthead.jpg HTTP/1.1" 404 1118
112.10.180.237 - - [27/Nov/2018:18:30:00 +0800] "GET /test/xiaodou/img/logo.png HTTP/1.1" 200 21064
112.10.180.237 - - [27/Nov/2018:18:30:00 +0800] "GET /favicon.ico HTTP/1.1" 404 1085
112.10.130.170 - - [27/Nov/2018:18:30:01 +0800] "GET /test/xiaodou/msggetp.php?maxID=62 HTTP/1.1" 200 2
112.10.130.170 - - [27/Nov/2018:18:30:01 +0800] "GET /test/xiaodou/msggetp.php?maxID=62 HTTP/1.1" 200 2
112.10.130.170 - - [27/Nov/2018:18:30:03 +0800] "GET /test/xiaodou/msggetp.php?maxID=62 HTTP/1.1" 200 2
112.10.130.170 - - [27/Nov/2018:18:30:03 +0800] "GET /test/xiaodou/msggetp.php?maxID=62 HTTP/1.1" 200 2
112.10.130.170 - - [27/Nov/2018:18:30:05 +0800] "GET /test/xiaodou/msggetp.php?maxID=62 HTTP/1.1" 200 2
112.10.130.170 - - [27/Nov/2018:18:30:05 +0800] "GET /test/xiaodou/msggetp.php?maxID=62 HTTP/1.1" 200 2
112.10.130.170 - - [27/Nov/2018:18:30:07 +0800] "GET /test/xiaodou/msggetp.php?maxID=62 HTTP/1.1" 200 2
112.10.130.170 - - [27/Nov/2018:18:30:07 +0800] "GET /test/xiaodou/msggetp.php?maxID=62 HTTP/1.1" 200 2
112.10.130.170 - - [27/Nov/2018:18:30:09 +0800] "GET /test/xiaodou/msggetp.php?maxID=62 HTTP/1.1" 200 2
112.10.130.170 - - [27/Nov/2018:18:30:09 +0800] "GET /test/xiaodou/msggetp.php?maxID=62 HTTP/1.1" 200 2
112.10.130.170 - - [27/Nov/2018:18:30:11 +0800] "GET /test/xiaodou/msggetp.php?maxID=62 HTTP/1.1" 200 2
112.10.130.170 - - [27/Nov/2018:18:30:11 +0800] "GET /test/xiaodou/msggetp.php?maxID=62 HTTP/1.1" 200 2
112.10.180.237 - - [27/Nov/2018:18:30:12 +0800] "GET /test/xiaodou/msggetp.php?maxID=0 HTTP/1.1" 200 5499
112.10.130.170 - - [27/Nov/2018:18:30:13 +0800] "GET /test/xiaodou/msggetp.php?maxID=62 HTTP/1.1" 200 2
112.10.130.170 - - [27/Nov/2018:18:30:13 +0800] "GET /test/xiaodou/msggetp.php?maxID=62 HTTP/1.1" 200 2
112.10.180.237 - - [27/Nov/2018:18:30:14 +0800] "GET /test/xiaodou/msggetp.php?maxID=62 HTTP/1.1" 200 2
112.10.130.170 - - [27/Nov/2018:18:30:15 +0800] "GET /test/xiaodou/msggetp.php?maxID=62 HTTP/1.1" 200 2
112.10.130.170 - - [27/Nov/2018:18:30:15 +0800] "GET /test/xiaodou/msggetp.php?maxID=62 HTTP/1.1" 200 2
112.10.180.237 - - [27/Nov/2018:18:30:16 +0800] "GET /test/xiaodou/msggetp.php?maxID=62 HTTP/1.1" 200 2
112.10.130.170 - - [27/Nov/2018:18:30:17 +0800] "GET /test/xiaodou/msggetp.php?maxID=62 HTTP/1.1" 200 2
112.10.130.170 - - [27/Nov/2018:18:30:17 +0800] "GET /test/xiaodou/msggetp.php?maxID=62 HTTP/1.1" 200 2
112.10.130.170 - - [27/Nov/2018:18:30:18 +0800] "GET /test/xiaodou/msggetp.php?maxID=62 HTTP/1.1" 200 2
112.10.180.237 - - [27/Nov/2018:18:30:18 +0800] "GET /test/xiaodou/msggetp.php?maxID=62 HTTP/1.1" 200 2
112.10.130.170 - - [27/Nov/2018:18:30:19 +0800] "GET /test/xiaodou/msggetp.php?maxID=62 HTTP/1.1" 200 2
112.10.130.170 - - [27/Nov/2018:18:30:20 +0800] "GET /test/xiaodou/msggetp.php?maxID=62 HTTP/1.1" 200 2
112.10.180.237 - - [27/Nov/2018:18:30:20 +0800] "GET /test/xiaodou/msggetp.php?maxID=62 HTTP/1.1" 200 2
112.10.130.170 - - [27/Nov/2018:18:30:21 +0800] "GET /test/xiaodou/msggetp.php?maxID=62 HTTP/1.1" 200 2
112.10.130.170 - - [27/Nov/2018:18:30:22 +0800] "GET /test/xiaodou/msggetp.php?maxID=62 HTTP/1.1" 200 2
112.10.180.237 - - [27/Nov/2018:18:30:22 +0800] "GET /test/xiaodou/msggetp.php?maxID=62 HTTP/1.1" 200 2
112.10.130.170 - - [27/Nov/2018:18:30:23 +0800] "GET /test/xiaodou/msggetp.php?maxID=62 HTTP/1.1" 200 2
112.10.130.170 - - [27/Nov/2018:18:30:24 +0800] "GET /test/xiaodou/msggetp.php?maxID=62 HTTP/1.1" 200 2
112.10.180.237 - - [27/Nov/2018:18:30:24 +0800] "GET /test/xiaodou/msggetp.php?maxID=62 HTTP/1.1" 200 2
112.10.130.170 - - [27/Nov/2018:18:30:25 +0800] "GET /test/xiaodou/msggetp.php?maxID=62 HTTP/1.1" 200 2
180.163.220.68 - - [27/Nov/2018:18:30:26 +0800] "GET /test/xiaodou/msgsendp.php HTTP/1.1" 200 12
112.10.130.170 - - [27/Nov/2018:18:30:26 +0800] "GET /test/xiaodou/msggetp.php?maxID=62 HTTP/1.1" 200 63
112.10.180.237 - - [27/Nov/2018:18:30:26 +0800] "GET /test/xiaodou/msggetp.php?maxID=62 HTTP/1.1" 200 63
112.10.130.170 - - [27/Nov/2018:18:30:27 +0800] "GET /test/xiaodou/msggetp.php?maxID=62 HTTP/1.1" 200 63
112.10.180.237 - - [27/Nov/2018:18:30:27 +0800] "POST /test/xiaodou/msgsendp.php HTTP/1.1" 200 12
112.10.130.170 - - [27/Nov/2018:18:30:28 +0800] "GET /test/xiaodou/msggetp.php?maxID=63 HTTP/1.1" 200 111
112.10.180.237 - - [27/Nov/2018:18:30:28 +0800] "GET /test/xiaodou/msggetp.php?maxID=63 HTTP/1.1" 200 111
112.10.130.170 - - [27/Nov/2018:18:30:29 +0800] "GET /test/xiaodou/msggetp.php?maxID=63 HTTP/1.1" 200 111
112.10.130.170 - - [27/Nov/2018:18:30:30 +0800] "GET /test/xiaodou/msggetp.php?maxID=64 HTTP/1.1" 200 2
112.10.180.237 - - [27/Nov/2018:18:30:30 +0800] "GET /test/xiaodou/msggetp.php?maxID=63 HTTP/1.1" 200 111
112.10.130.170 - - [27/Nov/2018:18:30:31 +0800] "GET /test/xiaodou/msggetp.php?maxID=64 HTTP/1.1" 200 2
112.10.130.170 - - [27/Nov/2018:18:30:32 +0800] "GET /test/xiaodou/msggetp.php?maxID=64 HTTP/1.1" 200 2
112.10.180.237 - - [27/Nov/2018:18:30:32 +0800] "GET /test/xiaodou/msggetp.php?maxID=63 HTTP/1.1" 200 111
112.10.130.170 - - [27/Nov/2018:18:30:33 +0800] "GET /test/xiaodou/msggetp.php?maxID=64 HTTP/1.1" 200 2
112.10.130.170 - - [27/Nov/2018:18:30:34 +0800] "GET /test/xiaodou/msggetp.php?maxID=64 HTTP/1.1" 200 2
112.10.180.237 - - [27/Nov/2018:18:30:34 +0800] "GET /test/xiaodou/msggetp.php?maxID=63 HTTP/1.1" 200 111
112.10.130.170 - - [27/Nov/2018:18:30:35 +0800] "GET /test/xiaodou/msggetp.php?maxID=64 HTTP/1.1" 200 2
112.10.130.170 - - [27/Nov/2018:18:30:36 +0800] "GET /test/xiaodou/msggetp.php?maxID=64 HTTP/1.1" 200 2
112.10.180.237 - - [27/Nov/2018:18:30:36 +0800] "GET /test/xiaodou/msggetp.php?maxID=63 HTTP/1.1" 200 111
112.10.130.170 - - [27/Nov/2018:18:30:37 +0800] "GET /test/xiaodou/msggetp.php?maxID=64 HTTP/1.1" 200 2
112.10.130.170 - - [27/Nov/2018:18:30:38 +0800] "GET /test/xiaodou/msggetp.php?maxID=64 HTTP/1.1" 200 2
112.10.180.237 - - [27/Nov/2018:18:30:38 +0800] "GET /test/xiaodou/msggetp.php?maxID=63 HTTP/1.1" 200 111
112.10.130.170 - - [27/Nov/2018:18:30:39 +0800] "GET /test/xiaodou/msggetp.php?maxID=64 HTTP/1.1" 200 2
112.10.130.170 - - [27/Nov/2018:18:30:40 +0800] "GET /test/xiaodou/msggetp.php?maxID=64 HTTP/1.1" 200 2
112.10.180.237 - - [27/Nov/2018:18:30:40 +0800] "GET /test/xiaodou/msggetp.php?maxID=63 HTTP/1.1" 200 111
112.10.130.170 - - [27/Nov/2018:18:30:41 +0800] "GET /test/xiaodou/msggetp.php?maxID=64 HTTP/1.1" 200 2
112.10.130.170 - - [27/Nov/2018:18:30:42 +0800] "GET /test/xiaodou/msggetp.php?maxID=64 HTTP/1.1" 200 2
112.10.180.237 - - [27/Nov/2018:18:30:42 +0800] "GET /test/xiaodou/msggetp.php?maxID=63 HTTP/1.1" 200 111
112.10.130.170 - - [27/Nov/2018:18:30:43 +0800] "GET /test/xiaodou/msggetp.php?maxID=64 HTTP/1.1" 200 2
112.10.130.170 - - [27/Nov/2018:18:30:44 +0800] "GET /test/xiaodou/msggetp.php?maxID=64 HTTP/1.1" 200 2
112.10.180.237 - - [27/Nov/2018:18:30:44 +0800] "GET /test/xiaodou/msggetp.php?maxID=63 HTTP/1.1" 200 111
112.10.130.170 - - [27/Nov/2018:18:30:45 +0800] "GET /test/xiaodou/msggetp.php?maxID=64 HTTP/1.1" 200 2
112.10.130.170 - - [27/Nov/2018:18:30:46 +0800] "GET /test/xiaodou/msggetp.php?maxID=64 HTTP/1.1" 200 2
112.10.180.237 - - [27/Nov/2018:18:30:46 +0800] "GET /test/xiaodou/msggetp.php?maxID=63 HTTP/1.1" 200 111
112.10.130.170 - - [27/Nov/2018:18:30:47 +0800] "GET /test/xiaodou/msggetp.php?maxID=64 HTTP/1.1" 200 2
112.10.130.170 - - [27/Nov/2018:18:30:48 +0800] "GET /test/xiaodou/msggetp.php?maxID=64 HTTP/1.1" 200 2
112.10.180.237 - - [27/Nov/2018:18:30:48 +0800] "GET /test/xiaodou/msggetp.php?maxID=63 HTTP/1.1" 200 111
112.10.130.170 - - [27/Nov/2018:18:30:49 +0800] "GET /test/xiaodou/msggetp.php?maxID=64 HTTP/1.1" 200 2
112.10.130.170 - - [27/Nov/2018:18:30:50 +0800] "GET /test/xiaodou/msggetp.php?maxID=64 HTTP/1.1" 200 2
112.10.180.237 - - [27/Nov/2018:18:30:50 +0800] "GET /test/xiaodou/msggetp.php?maxID=63 HTTP/1.1" 200 111
112.10.130.170 - - [27/Nov/2018:18:30:51 +0800] "GET /test/xiaodou/msggetp.php?maxID=64 HTTP/1.1" 200 2
112.10.130.170 - - [27/Nov/2018:18:30:52 +0800] "GET /test/xiaodou/msggetp.php?maxID=64 HTTP/1.1" 200 2
112.10.180.237 - - [27/Nov/2018:18:30:52 +0800] "GET /test/xiaodou/msggetp.php?maxID=63 HTTP/1.1" 200 111
112.10.130.170 - - [27/Nov/2018:18:30:53 +0800] "GET /test/xiaodou/msggetp.php?maxID=64 HTTP/1.1" 200 2
112.10.130.170 - - [27/Nov/2018:18:30:54 +0800] "GET /test/xiaodou/msggetp.php?maxID=64 HTTP/1.1" 200 2
112.10.180.237 - - [27/Nov/2018:18:30:54 +0800] "GET /test/xiaodou/msggetp.php?maxID=63 HTTP/1.1" 200 111
112.10.130.170 - - [27/Nov/2018:18:30:55 +0800] "GET /test/xiaodou/msggetp.php?maxID=64 HTTP/1.1" 200 2
112.10.130.170 - - [27/Nov/2018:18:30:56 +0800] "GET /test/xiaodou/msggetp.php?maxID=64 HTTP/1.1" 200 2
112.10.180.237 - - [27/Nov/2018:18:30:56 +0800] "GET /test/xiaodou/msggetp.php?maxID=63 HTTP/1.1" 200 111
112.10.130.170 - - [27/Nov/2018:18:30:57 +0800] "GET /test/xiaodou/msggetp.php?maxID=64 HTTP/1.1" 200 2
112.10.130.170 - - [27/Nov/2018:18:30:58 +0800] "GET /test/xiaodou/msggetp.php?maxID=64 HTTP/1.1" 200 2
112.10.180.237 - - [27/Nov/2018:18:30:58 +0800] "GET /test/xiaodou/msggetp.php?maxID=63 HTTP/1.1" 200 111
112.10.130.170 - - [27/Nov/2018:18:30:59 +0800] "GET /test/xiaodou/msggetp.php?maxID=64 HTTP/1.1" 200 2
112.10.130.170 - - [27/Nov/2018:18:31:00 +0800] "GET /test/xiaodou/msggetp.php?maxID=64 HTTP/1.1" 200 2
112.10.180.237 - - [27/Nov/2018:18:31:00 +0800] "GET /test/xiaodou/msggetp.php?maxID=63 HTTP/1.1" 200 111
112.10.130.170 - - [27/Nov/2018:18:31:01 +0800] "GET /test/xiaodou/msggetp.php?maxID=64 HTTP/1.1" 200 2
112.10.130.170 - - [27/Nov/2018:18:31:02 +0800] "GET /test/xiaodou/msggetp.php?maxID=64 HTTP/1.1" 200 2
112.10.180.237 - - [27/Nov/2018:18:31:02 +0800] "GET /test/xiaodou/msggetp.php?maxID=63 HTTP/1.1" 200 111
112.10.130.170 - - [27/Nov/2018:18:31:03 +0800] "GET /test/xiaodou/msggetp.php?maxID=64 HTTP/1.1" 200 2
112.10.130.170 - - [27/Nov/2018:18:31:04 +0800] "GET /test/xiaodou/msggetp.php?maxID=64 HTTP/1.1" 200 2
112.10.180.237 - - [27/Nov/2018:18:31:04 +0800] "GET /test/xiaodou/msggetp.php?maxID=63 HTTP/1.1" 200 111
112.10.130.170 - - [27/Nov/2018:18:31:05 +0800] "GET /test/xiaodou/msggetp.php?maxID=64 HTTP/1.1" 200 2
112.10.130.170 - - [27/Nov/2018:18:31:06 +0800] "GET /test/xiaodou/msggetp.php?maxID=64 HTTP/1.1" 200 2
112.10.180.237 - - [27/Nov/2018:18:31:06 +0800] "GET /test/xiaodou/msggetp.php?maxID=63 HTTP/1.1" 200 111
112.10.130.170 - - [27/Nov/2018:18:31:07 +0800] "GET /test/xiaodou/msggetp.php?maxID=64 HTTP/1.1" 200 2
112.10.130.170 - - [27/Nov/2018:18:31:08 +0800] "GET /test/xiaodou/msggetp.php?maxID=64 HTTP/1.1" 200 2
112.10.180.237 - - [27/Nov/2018:18:31:08 +0800] "GET /test/xiaodou/msggetp.php?maxID=63 HTTP/1.1" 200 111
112.10.130.170 - - [27/Nov/2018:18:31:09 +0800] "GET /test/xiaodou/msggetp.php?maxID=64 HTTP/1.1" 200 2
112.10.130.170 - - [27/Nov/2018:18:31:10 +0800] "GET /test/xiaodou/msggetp.php?maxID=64 HTTP/1.1" 200 2
112.10.180.237 - - [27/Nov/2018:18:31:10 +0800] "GET /test/xiaodou/msggetp.php?maxID=63 HTTP/1.1" 200 111
112.10.130.170 - - [27/Nov/2018:18:31:11 +0800] "GET /test/xiaodou/msggetp.php?maxID=64 HTTP/1.1" 200 2
112.10.130.170 - - [27/Nov/2018:18:31:12 +0800] "GET /test/xiaodou/msggetp.php?maxID=64 HTTP/1.1" 200 2
112.10.180.237 - - [27/Nov/2018:18:31:13 +0800] "GET /test/xiaodou/msggetp.php?maxID=63 HTTP/1.1" 200 111
112.10.130.170 - - [27/Nov/2018:18:31:13 +0800] "GET /test/xiaodou/msggetp.php?maxID=64 HTTP/1.1" 200 2
112.10.130.170 - - [27/Nov/2018:18:31:14 +0800] "GET /test/xiaodou/msggetp.php?maxID=64 HTTP/1.1" 200 2
112.10.180.237 - - [27/Nov/2018:18:31:14 +0800] "GET /test/xiaodou/msggetp.php?maxID=63 HTTP/1.1" 200 111
112.10.130.170 - - [27/Nov/2018:18:31:15 +0800] "GET /test/xiaodou/msggetp.php?maxID=64 HTTP/1.1" 200 2
112.10.130.170 - - [27/Nov/2018:18:31:16 +0800] "GET /test/xiaodou/msggetp.php?maxID=64 HTTP/1.1" 200 2
112.10.180.237 - - [27/Nov/2018:18:31:16 +0800] "GET /test/xiaodou/msggetp.php?maxID=63 HTTP/1.1" 200 111
112.10.130.170 - - [27/Nov/2018:18:31:17 +0800] "GET /test/xiaodou/msggetp.php?maxID=64 HTTP/1.1" 200 2
112.10.130.170 - - [27/Nov/2018:18:31:18 +0800] "GET /test/xiaodou/msggetp.php?maxID=64 HTTP/1.1" 200 2
112.10.180.237 - - [27/Nov/2018:18:31:18 +0800] "GET /test/xiaodou/msggetp.php?maxID=63 HTTP/1.1" 200 111
112.10.130.170 - - [27/Nov/2018:18:31:19 +0800] "GET /test/xiaodou/msggetp.php?maxID=64 HTTP/1.1" 200 2
112.10.130.170 - - [27/Nov/2018:18:31:20 +0800] "GET /test/xiaodou/msggetp.php?maxID=64 HTTP/1.1" 200 2
112.10.180.237 - - [27/Nov/2018:18:31:20 +0800] "GET /test/xiaodou/msggetp.php?maxID=63 HTTP/1.1" 200 111
112.10.130.170 - - [27/Nov/2018:18:31:21 +0800] "GET /test/xiaodou/msggetp.php?maxID=64 HTTP/1.1" 200 2
112.10.130.170 - - [27/Nov/2018:18:31:22 +0800] "GET /test/xiaodou/msggetp.php?maxID=64 HTTP/1.1" 200 2
112.10.180.237 - - [27/Nov/2018:18:31:22 +0800] "GET /test/xiaodou/msggetp.php?maxID=63 HTTP/1.1" 200 111
112.10.130.170 - - [27/Nov/2018:18:31:23 +0800] "GET /test/xiaodou/msggetp.php?maxID=64 HTTP/1.1" 200 2
112.10.130.170 - - [27/Nov/2018:18:31:24 +0800] "GET /test/xiaodou/msggetp.php?maxID=64 HTTP/1.1" 200 2
112.10.180.237 - - [27/Nov/2018:18:31:24 +0800] "GET /test/xiaodou/msggetp.php?maxID=63 HTTP/1.1" 200 111
112.10.130.170 - - [27/Nov/2018:18:31:25 +0800] "GET /test/xiaodou/msggetp.php?maxID=64 HTTP/1.1" 200 2
112.10.130.170 - - [27/Nov/2018:18:31:26 +0800] "GET /test/xiaodou/msggetp.php?maxID=64 HTTP/1.1" 200 2
112.10.180.237 - - [27/Nov/2018:18:31:26 +0800] "GET /test/xiaodou/msggetp.php?maxID=63 HTTP/1.1" 200 111
112.10.130.170 - - [27/Nov/2018:18:31:27 +0800] "GET /test/xiaodou/msggetp.php?maxID=64 HTTP/1.1" 200 2
112.10.130.170 - - [27/Nov/2018:18:31:28 +0800] "GET /test/xiaodou/msggetp.php?maxID=64 HTTP/1.1" 200 2
112.10.180.237 - - [27/Nov/2018:18:31:28 +0800] "GET /test/xiaodou/msggetp.php?maxID=63 HTTP/1.1" 200 111
112.10.130.170 - - [27/Nov/2018:18:31:29 +0800] "GET /test/xiaodou/msggetp.php?maxID=64 HTTP/1.1" 200 2
112.10.130.170 - - [27/Nov/2018:18:31:30 +0800] "GET /test/xiaodou/msggetp.php?maxID=64 HTTP/1.1" 200 2
112.10.180.237 - - [27/Nov/2018:18:31:30 +0800] "GET /test/xiaodou/msggetp.php?maxID=63 HTTP/1.1" 200 111
112.10.130.170 - - [27/Nov/2018:18:31:31 +0800] "GET /test/xiaodou/msggetp.php?maxID=64 HTTP/1.1" 200 2
112.10.130.170 - - [27/Nov/2018:18:31:32 +0800] "GET /test/xiaodou/msggetp.php?maxID=64 HTTP/1.1" 200 2
112.10.180.237 - - [27/Nov/2018:18:31:32 +0800] "GET /test/xiaodou/msggetp.php?maxID=63 HTTP/1.1" 200 111
112.10.130.170 - - [27/Nov/2018:18:31:33 +0800] "GET /test/xiaodou/msggetp.php?maxID=64 HTTP/1.1" 200 2
112.10.130.170 - - [27/Nov/2018:18:31:34 +0800] "GET /test/xiaodou/msggetp.php?maxID=64 HTTP/1.1" 200 2
112.10.180.237 - - [27/Nov/2018:18:31:34 +0800] "GET /test/xiaodou/msggetp.php?maxID=63 HTTP/1.1" 200 111
112.10.130.170 - - [27/Nov/2018:18:31:35 +0800] "GET /test/xiaodou/msggetp.php?maxID=64 HTTP/1.1" 200 2
112.10.130.170 - - [27/Nov/2018:18:31:36 +0800] "GET /test/xiaodou/msggetp.php?maxID=64 HTTP/1.1" 200 2
112.10.180.237 - - [27/Nov/2018:18:31:36 +0800] "GET /test/xiaodou/msggetp.php?maxID=63 HTTP/1.1" 200 111
112.10.130.170 - - [27/Nov/2018:18:31:37 +0800] "GET /test/xiaodou/msggetp.php?maxID=64 HTTP/1.1" 200 2
112.10.130.170 - - [27/Nov/2018:18:31:38 +0800] "GET /test/xiaodou/msggetp.php?maxID=64 HTTP/1.1" 200 2
112.10.180.237 - - [27/Nov/2018:18:31:39 +0800] "GET /test/xiaodou/msggetp.php?maxID=63 HTTP/1.1" 200 111
112.10.130.170 - - [27/Nov/2018:18:31:39 +0800] "GET /test/xiaodou/msggetp.php?maxID=64 HTTP/1.1" 200 2
112.10.130.170 - - [27/Nov/2018:18:31:40 +0800] "GET /test/xiaodou/msggetp.php?maxID=64 HTTP/1.1" 200 2
112.10.180.237 - - [27/Nov/2018:18:31:40 +0800] "GET /test/xiaodou/msggetp.php?maxID=63 HTTP/1.1" 200 111
112.10.130.170 - - [27/Nov/2018:18:31:41 +0800] "GET /test/xiaodou/msggetp.php?maxID=64 HTTP/1.1" 200 2
112.10.130.170 - - [27/Nov/2018:18:31:42 +0800] "GET /test/xiaodou/msggetp.php?maxID=64 HTTP/1.1" 200 2
112.10.180.237 - - [27/Nov/2018:18:31:42 +0800] "GET /test/xiaodou/msggetp.php?maxID=63 HTTP/1.1" 200 111
112.10.130.170 - - [27/Nov/2018:18:31:43 +0800] "GET /test/xiaodou/msggetp.php?maxID=64 HTTP/1.1" 200 2
112.10.130.170 - - [27/Nov/2018:18:31:44 +0800] "GET /test/xiaodou/msggetp.php?maxID=64 HTTP/1.1" 200 2
112.10.180.237 - - [27/Nov/2018:18:31:44 +0800] "GET /test/xiaodou/msggetp.php?maxID=63 HTTP/1.1" 200 111
112.10.130.170 - - [27/Nov/2018:18:31:45 +0800] "GET /test/xiaodou/msggetp.php?maxID=64 HTTP/1.1" 200 2
112.10.130.170 - - [27/Nov/2018:18:31:46 +0800] "GET /test/xiaodou/msggetp.php?maxID=64 HTTP/1.1" 200 2
112.10.180.237 - - [27/Nov/2018:18:31:46 +0800] "GET /test/xiaodou/msggetp.php?maxID=63 HTTP/1.1" 200 111
112.10.130.170 - - [27/Nov/2018:18:31:47 +0800] "GET /test/xiaodou/msggetp.php?maxID=64 HTTP/1.1" 200 2
112.10.130.170 - - [27/Nov/2018:18:31:48 +0800] "GET /test/xiaodou/msggetp.php?maxID=64 HTTP/1.1" 200 2
112.10.180.237 - - [27/Nov/2018:18:31:48 +0800] "GET /test/xiaodou/msggetp.php?maxID=63 HTTP/1.1" 200 111
112.10.130.170 - - [27/Nov/2018:18:31:49 +0800] "GET /test/xiaodou/msggetp.php?maxID=64 HTTP/1.1" 200 2
112.10.130.170 - - [27/Nov/2018:18:31:50 +0800] "GET /test/xiaodou/msggetp.php?maxID=64 HTTP/1.1" 200 2
112.10.180.237 - - [27/Nov/2018:18:31:51 +0800] "GET /test/xiaodou/msggetp.php?maxID=63 HTTP/1.1" 200 111
112.10.130.170 - - [27/Nov/2018:18:31:51 +0800] "GET /test/xiaodou/msggetp.php?maxID=64 HTTP/1.1" 200 2
112.10.130.170 - - [27/Nov/2018:18:31:52 +0800] "GET /test/xiaodou/msggetp.php?maxID=64 HTTP/1.1" 200 2
112.10.180.237 - - [27/Nov/2018:18:31:52 +0800] "GET /test/xiaodou/msggetp.php?maxID=63 HTTP/1.1" 200 111
112.10.130.170 - - [27/Nov/2018:18:31:53 +0800] "GET /test/xiaodou/msggetp.php?maxID=64 HTTP/1.1" 200 2
112.10.130.170 - - [27/Nov/2018:18:31:54 +0800] "GET /test/xiaodou/msggetp.php?maxID=64 HTTP/1.1" 200 2
112.10.180.237 - - [27/Nov/2018:18:31:54 +0800] "GET /test/xiaodou/msggetp.php?maxID=63 HTTP/1.1" 200 111
112.10.130.170 - - [27/Nov/2018:18:31:55 +0800] "GET /test/xiaodou/msggetp.php?maxID=64 HTTP/1.1" 200 2
112.10.130.170 - - [27/Nov/2018:18:31:56 +0800] "GET /test/xiaodou/msggetp.php?maxID=64 HTTP/1.1" 200 2
112.10.180.237 - - [27/Nov/2018:18:31:56 +0800] "GET /test/xiaodou/msggetp.php?maxID=63 HTTP/1.1" 200 111
112.10.130.170 - - [27/Nov/2018:18:31:57 +0800] "GET /test/xiaodou/msggetp.php?maxID=64 HTTP/1.1" 200 2
112.10.130.170 - - [27/Nov/2018:18:31:58 +0800] "GET /test/xiaodou/msggetp.php?maxID=64 HTTP/1.1" 200 2
112.10.180.237 - - [27/Nov/2018:18:31:58 +0800] "GET /test/xiaodou/msggetp.php?maxID=63 HTTP/1.1" 200 111
112.10.130.170 - - [27/Nov/2018:18:31:59 +0800] "GET /test/xiaodou/msggetp.php?maxID=64 HTTP/1.1" 200 2
112.10.130.170 - - [27/Nov/2018:18:32:00 +0800] "GET /test/xiaodou/msggetp.php?maxID=64 HTTP/1.1" 200 2
112.10.180.237 - - [27/Nov/2018:18:32:01 +0800] "GET /test/xiaodou/msggetp.php?maxID=63 HTTP/1.1" 200 111
112.10.130.170 - - [27/Nov/2018:18:32:01 +0800] "GET /test/xiaodou/msggetp.php?maxID=64 HTTP/1.1" 200 2
112.10.130.170 - - [27/Nov/2018:18:32:02 +0800] "GET /test/xiaodou/msggetp.php?maxID=64 HTTP/1.1" 200 2
112.10.180.237 - - [27/Nov/2018:18:32:02 +0800] "GET /test/xiaodou/msggetp.php?maxID=63 HTTP/1.1" 200 111
112.10.130.170 - - [27/Nov/2018:18:32:03 +0800] "GET /test/xiaodou/msggetp.php?maxID=64 HTTP/1.1" 200 2
112.10.130.170 - - [27/Nov/2018:18:32:04 +0800] "GET /test/xiaodou/msggetp.php?maxID=64 HTTP/1.1" 200 2
112.10.180.237 - - [27/Nov/2018:18:32:05 +0800] "GET /test/xiaodou/msggetp.php?maxID=63 HTTP/1.1" 200 111
112.10.130.170 - - [27/Nov/2018:18:32:05 +0800] "GET /test/xiaodou/msggetp.php?maxID=64 HTTP/1.1" 200 2
112.10.130.170 - - [27/Nov/2018:18:32:06 +0800] "GET /test/xiaodou/msggetp.php?maxID=64 HTTP/1.1" 200 2
112.10.180.237 - - [27/Nov/2018:18:32:07 +0800] "GET /test/xiaodou/msggetp.php?maxID=63 HTTP/1.1" 200 111
112.10.130.170 - - [27/Nov/2018:18:32:07 +0800] "GET /test/xiaodou/msggetp.php?maxID=64 HTTP/1.1" 200 2
112.10.130.170 - - [27/Nov/2018:18:32:08 +0800] "GET /test/xiaodou/msggetp.php?maxID=64 HTTP/1.1" 200 2
112.10.180.237 - - [27/Nov/2018:18:32:09 +0800] "GET /test/xiaodou/msggetp.php?maxID=63 HTTP/1.1" 200 111
112.10.130.170 - - [27/Nov/2018:18:32:09 +0800] "GET /test/xiaodou/msggetp.php?maxID=64 HTTP/1.1" 200 2
112.10.130.170 - - [27/Nov/2018:18:32:10 +0800] "GET /test/xiaodou/msggetp.php?maxID=64 HTTP/1.1" 200 2
112.10.180.237 - - [27/Nov/2018:18:32:11 +0800] "GET /test/xiaodou/msggetp.php?maxID=63 HTTP/1.1" 200 111
112.10.130.170 - - [27/Nov/2018:18:32:11 +0800] "GET /test/xiaodou/msggetp.php?maxID=64 HTTP/1.1" 200 2
112.10.130.170 - - [27/Nov/2018:18:32:12 +0800] "GET /test/xiaodou/msggetp.php?maxID=64 HTTP/1.1" 200 2
112.10.180.237 - - [27/Nov/2018:18:32:13 +0800] "GET /test/xiaodou/msggetp.php?maxID=63 HTTP/1.1" 200 111
112.10.130.170 - - [27/Nov/2018:18:32:13 +0800] "GET /test/xiaodou/msggetp.php?maxID=64 HTTP/1.1" 200 2
112.10.130.170 - - [27/Nov/2018:18:32:14 +0800] "GET /test/xiaodou/msggetp.php?maxID=64 HTTP/1.1" 200 2
112.10.180.237 - - [27/Nov/2018:18:32:15 +0800] "GET /test/xiaodou/msggetp.php?maxID=63 HTTP/1.1" 200 111
112.10.130.170 - - [27/Nov/2018:18:32:15 +0800] "GET /test/xiaodou/msggetp.php?maxID=64 HTTP/1.1" 200 2
112.10.130.170 - - [27/Nov/2018:18:32:16 +0800] "GET /test/xiaodou/msggetp.php?maxID=64 HTTP/1.1" 200 2
112.10.180.237 - - [27/Nov/2018:18:32:17 +0800] "GET /test/xiaodou/msggetp.php?maxID=63 HTTP/1.1" 200 111
112.10.130.170 - - [27/Nov/2018:18:32:17 +0800] "GET /test/xiaodou/msggetp.php?maxID=64 HTTP/1.1" 200 2
112.10.130.170 - - [27/Nov/2018:18:32:18 +0800] "GET /test/xiaodou/msggetp.php?maxID=64 HTTP/1.1" 200 2
112.10.180.237 - - [27/Nov/2018:18:32:19 +0800] "GET /test/xiaodou/msggetp.php?maxID=63 HTTP/1.1" 200 111
112.10.130.170 - - [27/Nov/2018:18:32:19 +0800] "GET /test/xiaodou/msggetp.php?maxID=64 HTTP/1.1" 200 2
112.10.130.170 - - [27/Nov/2018:18:32:20 +0800] "GET /test/xiaodou/msggetp.php?maxID=64 HTTP/1.1" 200 2
112.10.180.237 - - [27/Nov/2018:18:32:21 +0800] "GET /test/xiaodou/msggetp.php?maxID=63 HTTP/1.1" 200 111
112.10.130.170 - - [27/Nov/2018:18:32:21 +0800] "GET /test/xiaodou/msggetp.php?maxID=64 HTTP/1.1" 200 2
112.10.130.170 - - [27/Nov/2018:18:32:22 +0800] "GET /test/xiaodou/msggetp.php?maxID=64 HTTP/1.1" 200 2
112.10.180.237 - - [27/Nov/2018:18:32:23 +0800] "GET /test/xiaodou/msggetp.php?maxID=63 HTTP/1.1" 200 111
112.10.130.170 - - [27/Nov/2018:18:32:23 +0800] "GET /test/xiaodou/msggetp.php?maxID=64 HTTP/1.1" 200 2
112.10.130.170 - - [27/Nov/2018:18:32:24 +0800] "GET /test/xiaodou/msggetp.php?maxID=64 HTTP/1.1" 200 2
112.10.180.237 - - [27/Nov/2018:18:32:25 +0800] "GET /test/xiaodou/msggetp.php?maxID=63 HTTP/1.1" 200 111
112.10.130.170 - - [27/Nov/2018:18:32:25 +0800] "GET /test/xiaodou/msggetp.php?maxID=64 HTTP/1.1" 200 2
112.10.130.170 - - [27/Nov/2018:18:32:26 +0800] "GET /test/xiaodou/msggetp.php?maxID=64 HTTP/1.1" 200 2
112.10.180.237 - - [27/Nov/2018:18:32:27 +0800] "GET /test/xiaodou/msggetp.php?maxID=63 HTTP/1.1" 200 111
112.10.130.170 - - [27/Nov/2018:18:32:27 +0800] "GET /test/xiaodou/msggetp.php?maxID=64 HTTP/1.1" 200 2
112.10.130.170 - - [27/Nov/2018:18:32:28 +0800] "GET /test/xiaodou/msggetp.php?maxID=64 HTTP/1.1" 200 2
112.10.180.237 - - [27/Nov/2018:18:32:29 +0800] "GET /test/xiaodou/msggetp.php?maxID=63 HTTP/1.1" 200 111
112.10.130.170 - - [27/Nov/2018:18:32:29 +0800] "GET /test/xiaodou/msggetp.php?maxID=64 HTTP/1.1" 200 2
210.209.89.222 - - [27/Nov/2018:18:32:29 +0800] "GET /test/xiaodou/js/chat1.js HTTP/1.1" 200 2597
112.10.130.170 - - [27/Nov/2018:18:32:30 +0800] "GET /test/xiaodou/msggetp.php?maxID=64 HTTP/1.1" 200 2
112.10.180.237 - - [27/Nov/2018:18:32:31 +0800] "GET /test/xiaodou/msggetp.php?maxID=63 HTTP/1.1" 200 111
